mode: set
meuApp/internal/modules/order/domain/order.go:43.69,44.47 1 1
meuApp/internal/modules/order/domain/order.go:44.47,46.3 1 0
meuApp/internal/modules/order/domain/order.go:48.2,48.45 1 1
meuApp/internal/modules/order/domain/order.go:48.45,50.3 1 0
meuApp/internal/modules/order/domain/order.go:52.2,62.8 2 1
meuApp/internal/modules/order/domain/order.go:66.54,68.2 1 1
meuApp/internal/modules/order/domain/order.go:71.69,72.77 1 1
meuApp/internal/modules/order/domain/order.go:72.77,74.3 1 0
meuApp/internal/modules/order/domain/order.go:76.2,78.12 3 1
meuApp/internal/modules/order/domain/order.go:82.42,83.45 1 1
meuApp/internal/modules/order/domain/order.go:83.45,85.3 1 0
meuApp/internal/modules/order/domain/order.go:87.2,87.45 1 1
meuApp/internal/modules/order/domain/order.go:87.45,89.3 1 0
meuApp/internal/modules/order/domain/order.go:91.2,93.12 3 1
meuApp/internal/modules/order/domain/order.go:97.57,98.48 1 0
meuApp/internal/modules/order/domain/order.go:98.48,100.3 1 0
meuApp/internal/modules/order/domain/order.go:102.2,102.43 1 0
meuApp/internal/modules/order/domain/order.go:102.43,104.3 1 0
meuApp/internal/modules/order/domain/order.go:106.2,109.12 4 0
meuApp/internal/modules/order/domain/order.go:113.45,115.2 1 0
meuApp/internal/modules/order/domain/order.go:118.43,119.23 1 0
meuApp/internal/modules/order/domain/order.go:119.23,121.3 1 0
meuApp/internal/modules/order/domain/order.go:123.2,123.56 1 0
meuApp/internal/modules/order/domain/order.go:123.56,125.3 1 0
meuApp/internal/modules/order/domain/order.go:127.2,127.54 1 0
meuApp/internal/modules/order/domain/order.go:127.54,129.3 1 0
meuApp/internal/modules/order/domain/order.go:131.2,131.25 1 0
meuApp/internal/modules/order/domain/order.go:131.25,133.3 1 0
meuApp/internal/modules/order/domain/order.go:135.2,135.12 1 0
meuApp/internal/modules/order/domain/order.go:140.42,141.18 1 1
meuApp/internal/modules/order/domain/order.go:141.18,143.3 1 0
meuApp/internal/modules/order/domain/order.go:144.2,144.12 1 1
meuApp/internal/modules/order/domain/order.go:147.45,148.21 1 1
meuApp/internal/modules/order/domain/order.go:148.21,150.3 1 0
meuApp/internal/modules/order/domain/order.go:152.2,152.29 1 1
meuApp/internal/modules/order/domain/order.go:152.29,153.49 1 1
meuApp/internal/modules/order/domain/order.go:153.49,155.4 1 0
meuApp/internal/modules/order/domain/order.go:158.2,158.12 1 1
meuApp/internal/modules/order/domain/order.go:161.46,162.26 1 1
meuApp/internal/modules/order/domain/order.go:162.26,164.3 1 0
meuApp/internal/modules/order/domain/order.go:166.2,166.24 1 1
meuApp/internal/modules/order/domain/order.go:166.24,168.3 1 0
meuApp/internal/modules/order/domain/order.go:170.2,170.21 1 1
meuApp/internal/modules/order/domain/order.go:170.21,172.3 1 0
meuApp/internal/modules/order/domain/order.go:174.2,174.12 1 1
meuApp/internal/modules/order/domain/order.go:177.75,187.13 3 1
meuApp/internal/modules/order/domain/order.go:187.13,189.3 1 0
meuApp/internal/modules/order/domain/order.go:191.2,191.41 1 1
meuApp/internal/modules/order/domain/order.go:191.41,192.26 1 1
meuApp/internal/modules/order/domain/order.go:192.26,194.4 1 1
meuApp/internal/modules/order/domain/order.go:197.2,197.107 1 0
meuApp/internal/modules/order/domain/order.go:200.48,202.29 2 1
meuApp/internal/modules/order/domain/order.go:202.29,204.3 1 1
meuApp/internal/modules/order/domain/order.go:205.2,205.14 1 1
meuApp/internal/modules/order/repository/order_model.go:21.38,23.2 1 1
meuApp/internal/modules/order/repository/order_model.go:35.42,37.2 1 1
meuApp/internal/modules/order/repository/order_model.go:40.47,42.31 2 1
meuApp/internal/modules/order/repository/order_model.go:42.31,48.3 1 1
meuApp/internal/modules/order/repository/order_model.go:50.2,58.3 1 1
meuApp/internal/modules/order/repository/order_model.go:62.54,72.35 8 1
meuApp/internal/modules/order/repository/order_model.go:72.35,79.3 1 1
meuApp/internal/modules/order/repository/order_repository.go:19.65,23.2 1 1
meuApp/internal/modules/order/repository/order_repository.go:26.87,31.67 3 1
meuApp/internal/modules/order/repository/order_repository.go:31.67,33.53 1 1
meuApp/internal/modules/order/repository/order_repository.go:33.53,35.4 1 0
meuApp/internal/modules/order/repository/order_repository.go:37.3,37.13 1 1
meuApp/internal/modules/order/repository/order_repository.go:40.2,40.16 1 1
meuApp/internal/modules/order/repository/order_repository.go:40.16,42.3 1 0
meuApp/internal/modules/order/repository/order_repository.go:44.2,44.12 1 1
meuApp/internal/modules/order/repository/order_repository.go:48.95,51.108 2 1
meuApp/internal/modules/order/repository/order_repository.go:51.108,52.36 1 1
meuApp/internal/modules/order/repository/order_repository.go:52.36,54.4 1 1
meuApp/internal/modules/order/repository/order_repository.go:55.3,55.63 1 0
meuApp/internal/modules/order/repository/order_repository.go:58.2,58.35 1 1
meuApp/internal/modules/order/repository/order_repository.go:62.105,65.117 2 1
meuApp/internal/modules/order/repository/order_repository.go:65.117,67.3 1 0
meuApp/internal/modules/order/repository/order_repository.go:69.2,70.36 2 1
meuApp/internal/modules/order/repository/order_repository.go:70.36,72.3 1 1
meuApp/internal/modules/order/repository/order_repository.go:74.2,74.20 1 1
meuApp/internal/modules/order/repository/order_repository.go:78.87,83.67 3 1
meuApp/internal/modules/order/repository/order_repository.go:83.67,91.26 2 1
meuApp/internal/modules/order/repository/order_repository.go:91.26,93.4 1 0
meuApp/internal/modules/order/repository/order_repository.go:95.3,95.31 1 1
meuApp/internal/modules/order/repository/order_repository.go:95.31,97.4 1 0
meuApp/internal/modules/order/repository/order_repository.go:100.3,100.92 1 1
meuApp/internal/modules/order/repository/order_repository.go:100.92,102.4 1 0
meuApp/internal/modules/order/repository/order_repository.go:105.3,105.32 1 1
meuApp/internal/modules/order/repository/order_repository.go:105.32,106.61 1 1
meuApp/internal/modules/order/repository/order_repository.go:106.61,108.5 1 0
meuApp/internal/modules/order/repository/order_repository.go:111.3,111.13 1 1
meuApp/internal/modules/order/repository/order_repository.go:114.2,114.12 1 1
meuApp/internal/modules/order/repository/order_repository.go:118.77,119.67 1 1
meuApp/internal/modules/order/repository/order_repository.go:119.67,121.86 1 1
meuApp/internal/modules/order/repository/order_repository.go:121.86,123.4 1 0
meuApp/internal/modules/order/repository/order_repository.go:126.3,127.26 2 1
meuApp/internal/modules/order/repository/order_repository.go:127.26,129.4 1 0
meuApp/internal/modules/order/repository/order_repository.go:131.3,131.31 1 1
meuApp/internal/modules/order/repository/order_repository.go:131.31,133.4 1 1
meuApp/internal/modules/order/repository/order_repository.go:135.3,135.13 1 1
meuApp/internal/modules/order/repository/order_repository.go:138.2,138.12 1 1
