mode: set
meuApp/internal/modules/product/domain/product.go:27.103,28.43 1 1
meuApp/internal/modules/product/domain/product.go:28.43,30.3 1 0
meuApp/internal/modules/product/domain/product.go:32.2,32.57 1 1
meuApp/internal/modules/product/domain/product.go:32.57,34.3 1 0
meuApp/internal/modules/product/domain/product.go:36.2,36.45 1 1
meuApp/internal/modules/product/domain/product.go:36.45,38.3 1 0
meuApp/internal/modules/product/domain/product.go:40.2,40.45 1 1
meuApp/internal/modules/product/domain/product.go:40.45,42.3 1 0
meuApp/internal/modules/product/domain/product.go:44.2,44.55 1 1
meuApp/internal/modules/product/domain/product.go:44.55,46.3 1 0
meuApp/internal/modules/product/domain/product.go:48.2,57.8 1 1
meuApp/internal/modules/product/domain/product.go:61.62,63.2 1 0
meuApp/internal/modules/product/domain/product.go:66.62,67.46 1 0
meuApp/internal/modules/product/domain/product.go:67.46,69.3 1 0
meuApp/internal/modules/product/domain/product.go:71.2,73.12 3 0
meuApp/internal/modules/product/domain/product.go:77.76,78.60 1 0
meuApp/internal/modules/product/domain/product.go:78.60,80.3 1 0
meuApp/internal/modules/product/domain/product.go:82.2,84.12 3 0
meuApp/internal/modules/product/domain/product.go:88.65,89.48 1 0
meuApp/internal/modules/product/domain/product.go:89.48,91.3 1 0
meuApp/internal/modules/product/domain/product.go:93.2,95.12 3 0
meuApp/internal/modules/product/domain/product.go:99.61,100.48 1 0
meuApp/internal/modules/product/domain/product.go:100.48,102.3 1 0
meuApp/internal/modules/product/domain/product.go:104.2,106.12 3 0
meuApp/internal/modules/product/domain/product.go:110.58,111.18 1 0
meuApp/internal/modules/product/domain/product.go:111.18,113.3 1 0
meuApp/internal/modules/product/domain/product.go:115.2,117.12 3 0
meuApp/internal/modules/product/domain/product.go:121.61,122.18 1 0
meuApp/internal/modules/product/domain/product.go:122.18,124.3 1 0
meuApp/internal/modules/product/domain/product.go:126.2,126.33 1 0
meuApp/internal/modules/product/domain/product.go:126.33,128.3 1 0
meuApp/internal/modules/product/domain/product.go:130.2,132.12 3 0
meuApp/internal/modules/product/domain/product.go:136.58,138.2 1 0
meuApp/internal/modules/product/domain/product.go:141.45,142.54 1 0
meuApp/internal/modules/product/domain/product.go:142.54,144.3 1 0
meuApp/internal/modules/product/domain/product.go:146.2,146.68 1 0
meuApp/internal/modules/product/domain/product.go:146.68,148.3 1 0
meuApp/internal/modules/product/domain/product.go:150.2,150.56 1 0
meuApp/internal/modules/product/domain/product.go:150.56,152.3 1 0
meuApp/internal/modules/product/domain/product.go:154.2,154.56 1 0
meuApp/internal/modules/product/domain/product.go:154.56,156.3 1 0
meuApp/internal/modules/product/domain/product.go:158.2,158.66 1 0
meuApp/internal/modules/product/domain/product.go:158.66,160.3 1 0
meuApp/internal/modules/product/domain/product.go:162.2,162.12 1 0
meuApp/internal/modules/product/domain/product.go:166.51,168.2 1 0
meuApp/internal/modules/product/domain/product.go:172.38,173.16 1 1
meuApp/internal/modules/product/domain/product.go:173.16,175.3 1 0
meuApp/internal/modules/product/domain/product.go:177.2,177.40 1 1
meuApp/internal/modules/product/domain/product.go:177.40,179.3 1 0
meuApp/internal/modules/product/domain/product.go:181.2,181.12 1 1
meuApp/internal/modules/product/domain/product.go:184.52,185.47 1 1
meuApp/internal/modules/product/domain/product.go:185.47,187.3 1 0
meuApp/internal/modules/product/domain/product.go:189.2,189.12 1 1
meuApp/internal/modules/product/domain/product.go:192.41,193.16 1 1
meuApp/internal/modules/product/domain/product.go:193.16,195.3 1 0
meuApp/internal/modules/product/domain/product.go:197.2,197.12 1 1
meuApp/internal/modules/product/domain/product.go:200.37,201.15 1 1
meuApp/internal/modules/product/domain/product.go:201.15,203.3 1 0
meuApp/internal/modules/product/domain/product.go:205.2,205.12 1 1
meuApp/internal/modules/product/domain/product.go:208.50,209.22 1 1
meuApp/internal/modules/product/domain/product.go:209.22,211.3 1 0
meuApp/internal/modules/product/domain/product.go:213.2,213.12 1 1
meuApp/internal/modules/product/repository/product_model.go:22.40,24.2 1 1
meuApp/internal/modules/product/repository/product_model.go:27.51,38.2 1 1
meuApp/internal/modules/product/repository/product_model.go:41.60,50.2 8 1
meuApp/internal/modules/product/repository/product_repository.go:19.69,21.2 1 1
meuApp/internal/modules/product/repository/product_repository.go:24.93,28.73 3 1
meuApp/internal/modules/product/repository/product_repository.go:28.73,30.3 1 0
meuApp/internal/modules/product/repository/product_repository.go:31.2,31.12 1 1
meuApp/internal/modules/product/repository/product_repository.go:35.99,37.87 2 1
meuApp/internal/modules/product/repository/product_repository.go:37.87,38.36 1 1
meuApp/internal/modules/product/repository/product_repository.go:38.36,40.4 1 1
meuApp/internal/modules/product/repository/product_repository.go:41.3,41.59 1 0
meuApp/internal/modules/product/repository/product_repository.go:43.2,43.37 1 1
meuApp/internal/modules/product/repository/product_repository.go:47.93,51.71 3 1
meuApp/internal/modules/product/repository/product_repository.go:51.71,53.3 1 0
meuApp/internal/modules/product/repository/product_repository.go:54.2,54.12 1 1
meuApp/internal/modules/product/repository/product_repository.go:58.79,60.25 2 1
meuApp/internal/modules/product/repository/product_repository.go:60.25,62.3 1 0
meuApp/internal/modules/product/repository/product_repository.go:63.2,63.30 1 1
meuApp/internal/modules/product/repository/product_repository.go:63.30,65.3 1 1
meuApp/internal/modules/product/repository/product_repository.go:66.2,66.12 1 1
meuApp/internal/modules/product/repository/product_repository.go:70.117,74.31 2 1
meuApp/internal/modules/product/repository/product_repository.go:74.31,76.3 1 1
meuApp/internal/modules/product/repository/product_repository.go:78.2,78.29 1 1
meuApp/internal/modules/product/repository/product_repository.go:78.29,80.3 1 1
meuApp/internal/modules/product/repository/product_repository.go:82.2,82.29 1 1
meuApp/internal/modules/product/repository/product_repository.go:82.29,84.3 1 1
meuApp/internal/modules/product/repository/product_repository.go:86.2,86.48 1 1
meuApp/internal/modules/product/repository/product_repository.go:86.48,88.3 1 0
meuApp/internal/modules/product/repository/product_repository.go:90.2,91.57 2 1
meuApp/internal/modules/product/repository/product_repository.go:91.57,93.3 1 0
meuApp/internal/modules/product/repository/product_repository.go:96.2,97.38 2 1
meuApp/internal/modules/product/repository/product_repository.go:97.38,99.3 1 1
meuApp/internal/modules/product/repository/product_repository.go:101.2,101.22 1 1
