mode: set
meuApp/pkg/adapters/http/middleware/error_handler.go:20.51,21.71 1 0
meuApp/pkg/adapters/http/middleware/error_handler.go:21.71,22.16 1 0
meuApp/pkg/adapters/http/middleware/error_handler.go:22.16,23.36 1 0
meuApp/pkg/adapters/http/middleware/error_handler.go:23.36,26.5 2 0
meuApp/pkg/adapters/http/middleware/error_handler.go:30.3,30.23 1 0
meuApp/pkg/adapters/http/middleware/error_handler.go:35.60,36.16 1 0
meuApp/pkg/adapters/http/middleware/error_handler.go:36.16,38.3 1 0
meuApp/pkg/adapters/http/middleware/error_handler.go:41.2,41.49 1 0
meuApp/pkg/adapters/http/middleware/error_handler.go:41.49,44.3 2 0
meuApp/pkg/adapters/http/middleware/error_handler.go:47.2,47.86 1 0
meuApp/pkg/adapters/http/middleware/error_handler.go:51.74,63.23 4 0
meuApp/pkg/adapters/http/middleware/error_handler.go:63.23,65.3 1 0
meuApp/pkg/adapters/http/middleware/error_handler.go:65.8,67.3 1 0
meuApp/pkg/adapters/http/middleware/error_handler.go:69.2,69.60 1 0
meuApp/pkg/adapters/http/middleware/error_handler.go:69.60,71.3 1 0
meuApp/pkg/adapters/http/middleware/error_handler.go:75.82,79.20 3 0
meuApp/pkg/adapters/http/middleware/error_handler.go:79.20,80.60 1 0
meuApp/pkg/adapters/http/middleware/error_handler.go:80.60,83.4 2 0
meuApp/pkg/adapters/http/middleware/middleware.go:10.55,11.74 1 0
meuApp/pkg/adapters/http/middleware/middleware.go:11.74,18.6 4 0
meuApp/pkg/adapters/http/middleware/middleware.go:22.53,23.74 1 0
meuApp/pkg/adapters/http/middleware/middleware.go:23.74,25.24 2 0
meuApp/pkg/adapters/http/middleware/middleware.go:25.24,28.10 2 0
meuApp/pkg/adapters/http/middleware/middleware.go:32.9,32.29 1 0
meuApp/pkg/adapters/database/mysql/connection.go:23.41,31.2 1 0
meuApp/pkg/adapters/database/mysql/connection.go:34.55,35.41 1 0
meuApp/pkg/adapters/database/mysql/connection.go:35.41,37.2 1 0
meuApp/pkg/adapters/database/mysql/connection.go:38.1,38.20 1 0
meuApp/pkg/adapters/database/mysql/connection.go:42.56,53.27 2 0
meuApp/pkg/adapters/database/mysql/connection.go:53.27,55.2 1 0
meuApp/pkg/adapters/database/mysql/connection.go:58.1,58.15 1 0
meuApp/pkg/adapters/database/mysql/connection.go:58.15,60.2 1 0
meuApp/pkg/adapters/database/mysql/connection.go:63.1,64.15 2 0
meuApp/pkg/adapters/database/mysql/connection.go:64.15,66.2 1 0
meuApp/pkg/adapters/database/mysql/connection.go:69.1,74.15 5 0
meuApp/pkg/adapters/database/mysql/migrations.go:16.37,23.16 2 0
meuApp/pkg/adapters/database/mysql/migrations.go:23.16,25.3 1 0
meuApp/pkg/adapters/database/mysql/migrations.go:27.2,30.41 2 0
meuApp/pkg/adapters/database/mysql/migrations.go:30.41,32.3 1 0
meuApp/pkg/adapters/database/mysql/migrations.go:34.2,34.12 1 0
meuApp/pkg/adapters/database/mysql/migrations.go:38.38,42.82 3 0
meuApp/pkg/adapters/database/mysql/migrations.go:42.82,44.3 1 0
meuApp/pkg/adapters/database/mysql/migrations.go:46.2,46.15 1 0
meuApp/pkg/adapters/database/mysql/migrations.go:46.15,49.3 2 0
meuApp/pkg/adapters/database/mysql/migrations.go:51.2,64.64 2 0
meuApp/pkg/adapters/database/mysql/migrations.go:64.64,66.3 1 0
meuApp/pkg/adapters/database/mysql/migrations.go:68.2,69.12 2 0
meuApp/pkg/config/config.go:23.36,25.40 1 0
meuApp/pkg/config/config.go:25.40,27.3 1 0
meuApp/pkg/config/config.go:29.2,40.8 1 0
meuApp/pkg/config/config.go:43.46,44.48 1 0
meuApp/pkg/config/config.go:44.48,46.3 1 0
meuApp/pkg/config/config.go:47.2,47.21 1 0
meuApp/pkg/adapters/logger/logger.go:17.25,21.2 1 0
meuApp/pkg/adapters/logger/logger.go:23.35,25.2 1 0
meuApp/pkg/adapters/logger/logger.go:27.36,29.2 1 0
meuApp/pkg/events/eventbus.go:17.30,21.2 1 1
meuApp/pkg/events/eventbus.go:24.78,29.13 4 1
meuApp/pkg/events/eventbus.go:29.13,31.3 1 1
meuApp/pkg/events/eventbus.go:35.2,35.35 1 1
meuApp/pkg/events/eventbus.go:35.35,36.45 1 1
meuApp/pkg/events/eventbus.go:36.45,39.4 1 1
meuApp/pkg/events/eventbus.go:42.2,42.12 1 1
meuApp/pkg/events/eventbus.go:46.86,52.2 4 1
meuApp/pkg/events/handlers.go:19.48,21.2 1 1
meuApp/pkg/events/handlers.go:23.48,25.2 1 0
meuApp/pkg/events/handlers.go:27.49,29.2 1 0
meuApp/pkg/events/handlers.go:32.105,33.19 1 1
meuApp/pkg/events/handlers.go:33.19,35.3 1 1
meuApp/pkg/events/handlers.go:36.2,36.64 1 1
meuApp/pkg/events/handlers.go:36.64,47.3 2 1
meuApp/pkg/events/handlers.go:51.99,52.19 1 0
meuApp/pkg/events/handlers.go:52.19,54.3 1 0
meuApp/pkg/events/handlers.go:55.2,55.61 1 0
meuApp/pkg/events/handlers.go:55.61,66.3 2 0
meuApp/pkg/events/handlers.go:70.107,71.19 1 0
meuApp/pkg/events/handlers.go:71.19,73.3 1 0
meuApp/pkg/events/handlers.go:74.2,74.65 1 0
meuApp/pkg/events/handlers.go:74.65,85.3 2 0
meuApp/pkg/events/handlers.go:89.75,90.49 1 0
meuApp/pkg/events/handlers.go:90.49,99.3 2 0
meuApp/pkg/events/typed.go:16.65,18.2 1 1
meuApp/pkg/events/typed.go:21.100,31.2 2 1
meuApp/pkg/events/typed.go:34.100,44.2 2 1
meuApp/pkg/events/typed.go:47.106,60.2 2 1
meuApp/pkg/events/typed.go:63.94,75.2 2 1
meuApp/pkg/events/typed.go:78.102,90.2 2 1
meuApp/pkg/events/typed.go:93.114,105.2 2 1
meuApp/pkg/events/typed.go:108.106,120.2 2 1
meuApp/pkg/events/typed.go:129.118,134.2 1 1
meuApp/pkg/events/typed.go:137.75,138.64 1 1
meuApp/pkg/events/typed.go:138.64,144.17 3 1
meuApp/pkg/events/typed.go:144.17,146.4 1 0
meuApp/pkg/events/typed.go:148.3,148.57 1 1
meuApp/pkg/events/typed.go:148.57,150.4 1 0
meuApp/pkg/events/typed.go:152.3,152.30 1 1
meuApp/pkg/events/typed.go:157.116,160.2 2 1
meuApp/pkg/container/container.go:16.32,20.2 1 1
meuApp/pkg/container/container.go:23.64,27.2 3 1
meuApp/pkg/container/container.go:30.80,39.2 3 0
meuApp/pkg/container/container.go:42.59,47.13 4 1
meuApp/pkg/container/container.go:47.13,49.3 1 0
meuApp/pkg/container/container.go:52.2,52.39 1 1
meuApp/pkg/container/container.go:52.39,53.20 1 0
meuApp/pkg/container/container.go:53.20,55.4 1 0
meuApp/pkg/container/container.go:56.3,56.25 1 0
meuApp/pkg/container/container.go:59.2,59.21 1 1
meuApp/pkg/container/container.go:63.54,65.16 2 0
meuApp/pkg/container/container.go:65.16,66.13 1 0
meuApp/pkg/container/container.go:68.2,68.16 1 0
meuApp/pkg/container/container.go:72.66,74.16 2 0
meuApp/pkg/container/container.go:74.16,76.3 1 0
meuApp/pkg/container/container.go:78.2,81.39 3 0
meuApp/pkg/container/container.go:81.39,83.3 1 0
meuApp/pkg/container/container.go:85.2,86.58 2 0
meuApp/pkg/container/container.go:86.58,88.3 1 0
meuApp/pkg/container/container.go:90.2,91.12 2 0
meuApp/pkg/container/registry.go:50.62,59.2 1 1
meuApp/pkg/container/registry.go:62.49,64.2 1 1
meuApp/pkg/container/registry.go:67.80,73.2 4 1
meuApp/pkg/container/registry.go:76.76,81.2 3 1
meuApp/pkg/container/registry.go:84.76,90.2 4 1
meuApp/pkg/container/registry.go:93.87,99.2 4 1
meuApp/pkg/container/registry.go:102.78,107.2 3 1
meuApp/pkg/container/registry.go:110.67,116.35 4 1
meuApp/pkg/container/registry.go:116.35,118.3 1 1
meuApp/pkg/container/registry.go:119.2,119.17 1 1
meuApp/pkg/container/registry.go:123.67,131.2 5 1
meuApp/pkg/container/registry.go:134.74,139.13 4 1
meuApp/pkg/container/registry.go:139.13,141.3 1 1
meuApp/pkg/container/registry.go:142.2,142.18 1 1
meuApp/pkg/container/registry.go:146.82,151.13 4 1
meuApp/pkg/container/registry.go:151.13,153.3 1 1
meuApp/pkg/container/registry.go:154.2,154.21 1 1
meuApp/pkg/container/registry.go:158.102,162.48 3 1
meuApp/pkg/container/registry.go:162.48,163.56 1 1
meuApp/pkg/container/registry.go:163.56,165.4 1 0
meuApp/pkg/container/registry.go:167.2,167.12 1 1
meuApp/pkg/container/registry.go:171.70,175.44 3 1
meuApp/pkg/container/registry.go:175.44,178.3 2 1
meuApp/pkg/container/registry.go:182.68,186.41 3 1
meuApp/pkg/container/registry.go:186.41,188.3 1 1
meuApp/pkg/container/registry.go:192.48,203.2 3 1
meuApp/pkg/container/registry.go:215.40,220.2 1 1
meuApp/pkg/framework/config.go:123.62,124.22 1 0
meuApp/pkg/framework/config.go:124.22,126.3 1 0
meuApp/pkg/framework/config.go:128.2,129.16 2 0
meuApp/pkg/framework/config.go:129.16,131.3 1 0
meuApp/pkg/framework/config.go:133.2,134.54 2 0
meuApp/pkg/framework/config.go:134.54,136.3 1 0
meuApp/pkg/framework/config.go:138.2,139.21 2 0
meuApp/pkg/framework/config.go:143.35,144.25 1 0
meuApp/pkg/framework/config.go:144.25,146.3 1 0
meuApp/pkg/framework/config.go:147.2,147.21 1 0
meuApp/pkg/framework/config.go:151.54,154.18 2 0
meuApp/pkg/framework/config.go:155.14,156.51 1 0
meuApp/pkg/framework/config.go:157.18,158.53 1 0
meuApp/pkg/framework/config.go:159.15,160.47 1 0
meuApp/pkg/framework/config.go:161.19,162.54 1 0
meuApp/pkg/framework/config.go:163.22,164.60 1 0
meuApp/pkg/framework/config.go:165.18,166.53 1 0
meuApp/pkg/framework/config.go:167.21,168.59 1 0
meuApp/pkg/framework/config.go:169.17,170.33 1 0
meuApp/pkg/framework/config.go:173.2,173.14 1 0
meuApp/pkg/framework/config.go:176.66,177.17 1 0
meuApp/pkg/framework/config.go:178.21,179.25 1 0
meuApp/pkg/framework/config.go:180.30,181.34 1 0
meuApp/pkg/framework/config.go:182.22,183.26 1 0
meuApp/pkg/framework/config.go:184.17,185.22 1 0
meuApp/pkg/framework/config.go:186.29,187.33 1 0
meuApp/pkg/framework/config.go:189.2,189.14 1 0
meuApp/pkg/framework/config.go:192.67,193.17 1 0
meuApp/pkg/framework/config.go:194.15,195.18 1 0
meuApp/pkg/framework/config.go:196.20,197.23 1 0
meuApp/pkg/framework/config.go:198.17,199.20 1 0
meuApp/pkg/framework/config.go:200.16,201.19 1 0
meuApp/pkg/framework/config.go:203.2,203.14 1 0
meuApp/pkg/framework/config.go:206.64,207.17 1 0
meuApp/pkg/framework/config.go:208.15,209.21 1 0
meuApp/pkg/framework/config.go:210.19,211.25 1 0
meuApp/pkg/framework/config.go:212.19,213.24 1 0
meuApp/pkg/framework/config.go:215.2,215.14 1 0
meuApp/pkg/framework/config.go:218.73,219.17 1 0
meuApp/pkg/framework/config.go:220.14,221.24 1 0
meuApp/pkg/framework/config.go:222.14,223.24 1 0
meuApp/pkg/framework/config.go:224.20,225.30 1 0
meuApp/pkg/framework/config.go:226.17,227.27 1 0
meuApp/pkg/framework/config.go:229.2,229.14 1 0
meuApp/pkg/framework/config.go:232.82,233.17 1 0
meuApp/pkg/framework/config.go:234.13,235.26 1 0
meuApp/pkg/framework/config.go:236.16,237.29 1 0
meuApp/pkg/framework/config.go:238.23,239.35 1 0
meuApp/pkg/framework/config.go:240.15,241.28 1 0
meuApp/pkg/framework/config.go:242.16,243.28 1 0
meuApp/pkg/framework/config.go:244.30,245.41 1 0
meuApp/pkg/framework/config.go:246.20,247.32 1 0
meuApp/pkg/framework/config.go:248.16,249.29 1 0
meuApp/pkg/framework/config.go:250.16,251.29 1 0
meuApp/pkg/framework/config.go:252.22,253.34 1 0
meuApp/pkg/framework/config.go:254.13,255.26 1 0
meuApp/pkg/framework/config.go:256.21,257.33 1 0
meuApp/pkg/framework/config.go:258.16,259.29 1 0
meuApp/pkg/framework/config.go:260.18,261.31 1 0
meuApp/pkg/framework/config.go:262.15,263.28 1 0
meuApp/pkg/framework/config.go:264.13,265.26 1 0
meuApp/pkg/framework/config.go:266.17,267.29 1 0
meuApp/pkg/framework/config.go:268.18,269.31 1 0
meuApp/pkg/framework/config.go:270.13,271.26 1 0
meuApp/pkg/framework/config.go:272.14,273.27 1 0
meuApp/pkg/framework/config.go:274.28,275.40 1 0
meuApp/pkg/framework/config.go:276.14,277.27 1 0
meuApp/pkg/framework/config.go:278.20,279.33 1 0
meuApp/pkg/framework/config.go:280.16,281.29 1 0
meuApp/pkg/framework/config.go:282.17,283.30 1 0
meuApp/pkg/framework/config.go:284.19,285.31 1 0
meuApp/pkg/framework/config.go:286.22,287.34 1 0
meuApp/pkg/framework/config.go:288.21,289.33 1 0
meuApp/pkg/framework/config.go:290.22,291.34 1 0
meuApp/pkg/framework/config.go:293.2,293.14 1 0
meuApp/pkg/framework/config.go:296.72,297.17 1 0
meuApp/pkg/framework/config.go:298.23,299.31 1 0
meuApp/pkg/framework/config.go:300.14,301.23 1 0
meuApp/pkg/framework/config.go:302.16,303.25 1 0
meuApp/pkg/framework/config.go:304.25,305.33 1 0
meuApp/pkg/framework/config.go:306.20,307.29 1 0
meuApp/pkg/framework/config.go:309.2,309.14 1 0
meuApp/pkg/framework/config.go:312.73,313.17 1 0
meuApp/pkg/framework/config.go:314.17,315.21 1 0
meuApp/pkg/framework/config.go:316.20,317.23 1 0
meuApp/pkg/framework/config.go:318.20,319.23 1 0
meuApp/pkg/framework/config.go:320.18,321.22 1 0
meuApp/pkg/framework/config.go:323.2,323.14 1 0
meuApp/pkg/framework/framework.go:17.81,19.16 2 0
meuApp/pkg/framework/framework.go:19.16,21.3 1 0
meuApp/pkg/framework/framework.go:23.2,29.23 2 0
meuApp/pkg/framework/framework.go:33.59,37.2 3 0
meuApp/pkg/framework/framework.go:40.57,44.2 3 0
meuApp/pkg/framework/framework.go:47.71,54.2 3 0
meuApp/pkg/framework/framework.go:57.50,59.2 1 0
meuApp/pkg/framework/framework.go:62.63,67.30 3 0
meuApp/pkg/framework/framework.go:67.30,69.3 1 0
meuApp/pkg/framework/framework.go:70.2,70.31 1 0
meuApp/pkg/framework/framework.go:70.31,72.3 1 0
meuApp/pkg/framework/framework.go:73.2,73.27 1 0
meuApp/pkg/framework/framework.go:73.27,75.3 1 0
meuApp/pkg/framework/framework.go:76.2,80.29 3 0
meuApp/pkg/framework/framework.go:80.29,82.3 1 0
meuApp/pkg/framework/framework.go:83.2,83.34 1 0
meuApp/pkg/framework/framework.go:83.34,85.3 1 0
meuApp/pkg/framework/framework.go:86.2,90.34 3 0
meuApp/pkg/framework/framework.go:90.34,92.3 1 0
meuApp/pkg/framework/framework.go:93.2,93.38 1 0
meuApp/pkg/framework/framework.go:93.38,95.3 1 0
meuApp/pkg/framework/framework.go:96.2,96.31 1 0
meuApp/pkg/framework/framework.go:96.31,98.3 1 0
meuApp/pkg/framework/framework.go:99.2,103.48 3 0
meuApp/pkg/framework/framework.go:103.48,104.14 1 0
meuApp/pkg/framework/framework.go:104.14,106.4 1 0
meuApp/pkg/framework/framework.go:108.2,110.17 2 0
meuApp/pkg/framework/framework.go:114.62,115.18 1 0
meuApp/pkg/framework/framework.go:116.17,117.59 1 0
meuApp/pkg/framework/framework.go:117.59,119.4 1 0
meuApp/pkg/framework/framework.go:120.14,121.18 1 0
meuApp/pkg/framework/framework.go:122.22,123.35 1 0
meuApp/pkg/framework/framework.go:124.23,125.36 1 0
meuApp/pkg/framework/framework.go:126.18,127.32 1 0
meuApp/pkg/framework/framework.go:129.18,130.18 1 0
meuApp/pkg/framework/framework.go:131.16,132.34 1 0
meuApp/pkg/framework/framework.go:133.21,134.39 1 0
meuApp/pkg/framework/framework.go:136.22,137.18 1 0
meuApp/pkg/framework/framework.go:138.17,139.39 1 0
meuApp/pkg/framework/framework.go:140.22,141.43 1 0
meuApp/pkg/framework/framework.go:142.14,143.36 1 0
meuApp/pkg/framework/framework.go:145.19,146.18 1 0
meuApp/pkg/framework/framework.go:147.15,148.34 1 0
meuApp/pkg/framework/framework.go:149.15,150.34 1 0
meuApp/pkg/framework/framework.go:153.2,153.14 1 0
meuApp/pkg/framework/framework.go:157.73,159.2 1 0
meuApp/pkg/framework/framework.go:162.58,164.2 1 0
meuApp/pkg/errors/errors.go:33.35,34.18 1 0
meuApp/pkg/errors/errors.go:34.18,36.3 1 0
meuApp/pkg/errors/errors.go:37.2,37.49 1 0
meuApp/pkg/errors/errors.go:41.35,43.2 1 0
meuApp/pkg/errors/errors.go:46.41,47.23 1 0
meuApp/pkg/errors/errors.go:47.23,49.3 1 0
meuApp/pkg/errors/errors.go:51.2,51.16 1 0
meuApp/pkg/errors/errors.go:52.27,53.31 1 0
meuApp/pkg/errors/errors.go:54.25,55.29 1 0
meuApp/pkg/errors/errors.go:56.25,57.29 1 0
meuApp/pkg/errors/errors.go:58.29,59.33 1 0
meuApp/pkg/errors/errors.go:60.26,61.30 1 0
meuApp/pkg/errors/errors.go:62.50,63.40 1 0
meuApp/pkg/errors/errors.go:64.23,65.40 1 0
meuApp/pkg/errors/errors.go:66.10,67.40 1 0
meuApp/pkg/errors/errors.go:72.58,79.2 1 0
meuApp/pkg/errors/errors.go:82.78,89.2 1 0
meuApp/pkg/errors/errors.go:92.69,102.2 1 0
meuApp/pkg/errors/errors.go:105.76,112.2 1 0
meuApp/pkg/errors/errors.go:115.53,121.2 1 0
meuApp/pkg/errors/errors.go:124.50,130.2 1 0
meuApp/pkg/errors/errors.go:133.66,140.2 1 0
meuApp/pkg/errors/errors.go:143.60,150.2 1 0
meuApp/pkg/errors/errors.go:153.33,156.2 2 0
meuApp/pkg/errors/errors.go:159.46,163.2 3 0
meuApp/pkg/errors/errors.go:166.53,167.16 1 0
meuApp/pkg/errors/errors.go:167.16,169.3 1 0
meuApp/pkg/errors/errors.go:172.2,172.39 1 0
meuApp/pkg/errors/errors.go:172.39,180.3 1 0
meuApp/pkg/errors/errors.go:183.2,183.39 1 0
meuApp/pkg/framework/providers/provider.go:39.77,44.2 1 0
meuApp/pkg/framework/providers/provider.go:47.56,49.2 1 0
meuApp/pkg/framework/providers/provider.go:52.88,53.40 1 0
meuApp/pkg/framework/providers/provider.go:53.40,54.27 1 0
meuApp/pkg/framework/providers/provider.go:54.27,55.57 1 0
meuApp/pkg/framework/providers/provider.go:55.57,57.5 1 0
meuApp/pkg/framework/providers/provider.go:60.2,60.12 1 0
meuApp/pkg/framework/providers/provider.go:64.67,65.40 1 0
meuApp/pkg/framework/providers/provider.go:65.40,66.27 1 0
meuApp/pkg/framework/providers/provider.go:66.27,67.49 1 0
meuApp/pkg/framework/providers/provider.go:67.49,69.5 1 0
meuApp/pkg/framework/providers/provider.go:72.2,72.12 1 0
meuApp/pkg/framework/providers/provider.go:76.81,78.40 2 0
meuApp/pkg/framework/providers/provider.go:78.40,79.27 1 0
meuApp/pkg/framework/providers/provider.go:79.27,81.4 1 0
meuApp/pkg/framework/providers/provider.go:83.2,83.16 1 0
meuApp/pkg/framework/providers/grpc/grpc.go:32.49,37.2 1 0
meuApp/pkg/framework/providers/grpc/grpc.go:40.38,42.2 1 0
meuApp/pkg/framework/providers/grpc/grpc.go:45.41,47.2 1 0
meuApp/pkg/framework/providers/grpc/grpc.go:50.91,55.16 3 0
meuApp/pkg/framework/providers/grpc/grpc.go:55.16,57.3 1 0
meuApp/pkg/framework/providers/grpc/grpc.go:58.2,74.54 7 0
meuApp/pkg/framework/providers/grpc/grpc.go:74.54,76.3 1 0
meuApp/pkg/framework/providers/grpc/grpc.go:79.2,79.37 1 0
meuApp/pkg/framework/providers/grpc/grpc.go:79.37,81.3 1 0
meuApp/pkg/framework/providers/grpc/grpc.go:84.2,84.12 1 0
meuApp/pkg/framework/providers/grpc/grpc.go:84.12,85.52 1 0
meuApp/pkg/framework/providers/grpc/grpc.go:85.52,87.4 1 0
meuApp/pkg/framework/providers/grpc/grpc.go:90.2,90.12 1 0
meuApp/pkg/framework/providers/grpc/grpc.go:94.66,96.2 1 0
meuApp/pkg/framework/providers/grpc/grpc.go:99.60,100.21 1 0
meuApp/pkg/framework/providers/grpc/grpc.go:100.21,103.13 2 0
meuApp/pkg/framework/providers/grpc/grpc.go:103.13,106.4 2 0
meuApp/pkg/framework/providers/grpc/grpc.go:108.3,108.10 1 0
meuApp/pkg/framework/providers/grpc/grpc.go:109.15,110.14 1 0
meuApp/pkg/framework/providers/grpc/grpc.go:111.21,113.20 2 0
meuApp/pkg/framework/providers/grpc/grpc.go:116.2,116.12 1 0
meuApp/pkg/framework/providers/grpc/grpc.go:120.63,121.21 1 0
meuApp/pkg/framework/providers/grpc/grpc.go:121.21,123.3 1 0
meuApp/pkg/framework/providers/grpc/grpc.go:124.2,124.23 1 0
meuApp/pkg/framework/providers/grpc/grpc.go:124.23,126.3 1 0
meuApp/pkg/framework/providers/grpc/grpc.go:127.2,127.12 1 0
meuApp/pkg/framework/providers/grpc/grpc.go:131.49,133.2 1 0
meuApp/pkg/framework/providers/grpc/grpc.go:136.41,138.2 1 0
meuApp/pkg/framework/providers/maps/maps.go:88.63,96.2 1 0
meuApp/pkg/framework/providers/maps/maps.go:99.44,101.2 1 0
meuApp/pkg/framework/providers/maps/maps.go:104.47,106.2 1 0
meuApp/pkg/framework/providers/maps/maps.go:109.97,112.20 2 0
meuApp/pkg/framework/providers/maps/maps.go:112.20,114.3 1 0
meuApp/pkg/framework/providers/maps/maps.go:116.2,116.27 1 0
meuApp/pkg/framework/providers/maps/maps.go:120.66,121.25 1 0
meuApp/pkg/framework/providers/maps/maps.go:121.25,123.3 1 0
meuApp/pkg/framework/providers/maps/maps.go:124.2,124.12 1 0
meuApp/pkg/framework/providers/maps/maps.go:128.69,129.20 1 0
meuApp/pkg/framework/providers/maps/maps.go:129.20,131.3 1 0
meuApp/pkg/framework/providers/maps/maps.go:134.2,134.12 1 0
meuApp/pkg/framework/providers/maps/maps.go:138.94,144.2 1 0
meuApp/pkg/framework/providers/maps/maps.go:147.102,161.2 1 0
meuApp/pkg/framework/providers/maps/maps.go:164.124,188.2 3 0
meuApp/pkg/framework/providers/maps/maps.go:191.131,208.2 2 0
meuApp/pkg/framework/providers/maps/maps.go:211.89,215.33 3 0
meuApp/pkg/framework/providers/maps/maps.go:215.33,217.3 1 0
meuApp/pkg/framework/providers/maps/maps.go:218.2,221.19 3 0
meuApp/pkg/framework/providers/payment/payment.go:59.55,67.2 1 0
meuApp/pkg/framework/providers/payment/payment.go:70.40,72.2 1 0
meuApp/pkg/framework/providers/payment/payment.go:75.43,77.2 1 0
meuApp/pkg/framework/providers/payment/payment.go:80.93,83.20 2 0
meuApp/pkg/framework/providers/payment/payment.go:83.20,85.3 1 0
meuApp/pkg/framework/providers/payment/payment.go:87.2,87.27 1 0
meuApp/pkg/framework/providers/payment/payment.go:91.62,92.25 1 0
meuApp/pkg/framework/providers/payment/payment.go:92.25,94.3 1 0
meuApp/pkg/framework/providers/payment/payment.go:95.2,95.12 1 0
meuApp/pkg/framework/providers/payment/payment.go:99.65,101.20 1 0
meuApp/pkg/framework/providers/payment/payment.go:101.20,103.3 1 0
meuApp/pkg/framework/providers/payment/payment.go:106.2,106.12 1 0
meuApp/pkg/framework/providers/payment/payment.go:110.111,126.2 2 0
meuApp/pkg/framework/providers/payment/payment.go:129.102,140.2 2 0
meuApp/pkg/framework/providers/payment/payment.go:143.120,153.2 2 0
meuApp/pkg/framework/providers/payment/payment.go:162.36,168.2 1 0
meuApp/pkg/framework/providers/payment/payment.go:171.37,173.2 1 0
meuApp/pkg/framework/providers/payment/payment.go:176.40,178.2 1 0
meuApp/pkg/framework/providers/payment/payment.go:181.90,184.2 2 0
meuApp/pkg/framework/providers/payment/payment.go:187.59,188.25 1 0
meuApp/pkg/framework/providers/payment/payment.go:188.25,190.3 1 0
meuApp/pkg/framework/providers/payment/payment.go:191.2,191.12 1 0
meuApp/pkg/framework/providers/payment/payment.go:195.62,197.2 1 0
meuApp/pkg/framework/providers/payment/payment.go:200.108,214.2 2 0
meuApp/pkg/framework/providers/payment/payment.go:217.99,227.2 2 0
meuApp/pkg/framework/providers/payment/payment.go:230.117,239.2 2 0
meuApp/pkg/framework/providers/cache/redis.go:21.40,23.2 1 0
meuApp/pkg/framework/providers/cache/redis.go:26.39,28.2 1 0
meuApp/pkg/framework/providers/cache/redis.go:31.42,33.2 1 0
meuApp/pkg/framework/providers/cache/redis.go:36.92,43.16 4 0
meuApp/pkg/framework/providers/cache/redis.go:43.16,45.3 1 0
meuApp/pkg/framework/providers/cache/redis.go:47.2,50.27 2 0
meuApp/pkg/framework/providers/cache/redis.go:54.61,55.21 1 0
meuApp/pkg/framework/providers/cache/redis.go:55.21,57.3 1 0
meuApp/pkg/framework/providers/cache/redis.go:58.2,58.12 1 0
meuApp/pkg/framework/providers/cache/redis.go:62.64,63.21 1 0
meuApp/pkg/framework/providers/cache/redis.go:63.21,65.3 1 0
meuApp/pkg/framework/providers/cache/redis.go:67.2,68.23 2 0
meuApp/pkg/framework/providers/cache/redis.go:68.23,70.3 1 0
meuApp/pkg/framework/providers/cache/redis.go:72.2,72.12 1 0
meuApp/pkg/framework/providers/cache/redis.go:76.51,78.2 1 0
meuApp/pkg/framework/providers/cache/redis.go:81.113,83.2 1 0
meuApp/pkg/framework/providers/cache/redis.go:85.78,87.2 1 0
meuApp/pkg/framework/providers/cache/redis.go:89.75,91.2 1 0
meuApp/pkg/framework/providers/cache/redis.go:93.84,95.2 1 0
meuApp/pkg/framework/providers/cache/redis.go:98.27,102.2 1 0
meuApp/pkg/proto/category.pb.go:33.41,38.2 4 0
meuApp/pkg/proto/category.pb.go:40.49,42.2 1 0
meuApp/pkg/proto/category.pb.go:44.47,44.48 0 0
meuApp/pkg/proto/category.pb.go:46.69,48.14 2 0
meuApp/pkg/proto/category.pb.go:48.14,50.34 2 0
meuApp/pkg/proto/category.pb.go:50.34,52.4 1 0
meuApp/pkg/proto/category.pb.go:53.3,53.12 1 0
meuApp/pkg/proto/category.pb.go:55.2,55.24 1 0
meuApp/pkg/proto/category.pb.go:59.60,61.2 1 0
meuApp/pkg/proto/category.pb.go:63.50,64.14 1 0
meuApp/pkg/proto/category.pb.go:64.14,66.3 1 0
meuApp/pkg/proto/category.pb.go:67.2,67.11 1 0
meuApp/pkg/proto/category.pb.go:70.57,71.14 1 0
meuApp/pkg/proto/category.pb.go:71.14,73.3 1 0
meuApp/pkg/proto/category.pb.go:74.2,74.11 1 0
meuApp/pkg/proto/category.pb.go:87.41,92.2 4 0
meuApp/pkg/proto/category.pb.go:94.49,96.2 1 0
meuApp/pkg/proto/category.pb.go:98.47,98.48 0 0
meuApp/pkg/proto/category.pb.go:100.69,102.14 2 0
meuApp/pkg/proto/category.pb.go:102.14,104.34 2 0
meuApp/pkg/proto/category.pb.go:104.34,106.4 1 0
meuApp/pkg/proto/category.pb.go:107.3,107.12 1 0
meuApp/pkg/proto/category.pb.go:109.2,109.24 1 0
meuApp/pkg/proto/category.pb.go:113.60,115.2 1 0
meuApp/pkg/proto/category.pb.go:117.48,118.14 1 0
meuApp/pkg/proto/category.pb.go:118.14,120.3 1 0
meuApp/pkg/proto/category.pb.go:121.2,121.11 1 0
meuApp/pkg/proto/category.pb.go:124.50,125.14 1 0
meuApp/pkg/proto/category.pb.go:125.14,127.3 1 0
meuApp/pkg/proto/category.pb.go:128.2,128.11 1 0
meuApp/pkg/proto/category.pb.go:131.57,132.14 1 0
meuApp/pkg/proto/category.pb.go:132.14,134.3 1 0
meuApp/pkg/proto/category.pb.go:135.2,135.11 1 0
meuApp/pkg/proto/category.pb.go:138.50,139.33 1 0
meuApp/pkg/proto/category.pb.go:139.33,141.3 1 0
meuApp/pkg/proto/category.pb.go:142.2,142.14 1 0
meuApp/pkg/proto/category.pb.go:152.38,157.2 4 0
meuApp/pkg/proto/category.pb.go:159.46,161.2 1 0
meuApp/pkg/proto/category.pb.go:163.44,163.45 0 0
meuApp/pkg/proto/category.pb.go:165.66,167.14 2 0
meuApp/pkg/proto/category.pb.go:167.14,169.34 2 0
meuApp/pkg/proto/category.pb.go:169.34,171.4 1 0
meuApp/pkg/proto/category.pb.go:172.3,172.12 1 0
meuApp/pkg/proto/category.pb.go:174.2,174.24 1 0
meuApp/pkg/proto/category.pb.go:178.57,180.2 1 0
meuApp/pkg/proto/category.pb.go:182.45,183.14 1 0
meuApp/pkg/proto/category.pb.go:183.14,185.3 1 0
meuApp/pkg/proto/category.pb.go:186.2,186.11 1 0
meuApp/pkg/proto/category.pb.go:196.41,201.2 4 0
meuApp/pkg/proto/category.pb.go:203.49,205.2 1 0
meuApp/pkg/proto/category.pb.go:207.47,207.48 0 0
meuApp/pkg/proto/category.pb.go:209.69,211.14 2 0
meuApp/pkg/proto/category.pb.go:211.14,213.34 2 0
meuApp/pkg/proto/category.pb.go:213.34,215.4 1 0
meuApp/pkg/proto/category.pb.go:216.3,216.12 1 0
meuApp/pkg/proto/category.pb.go:218.2,218.24 1 0
meuApp/pkg/proto/category.pb.go:222.60,224.2 1 0
meuApp/pkg/proto/category.pb.go:226.48,227.14 1 0
meuApp/pkg/proto/category.pb.go:227.14,229.3 1 0
meuApp/pkg/proto/category.pb.go:230.2,230.11 1 0
meuApp/pkg/proto/category.pb.go:240.42,245.2 4 0
meuApp/pkg/proto/category.pb.go:247.50,249.2 1 0
meuApp/pkg/proto/category.pb.go:251.48,251.49 0 0
meuApp/pkg/proto/category.pb.go:253.70,255.14 2 0
meuApp/pkg/proto/category.pb.go:255.14,257.34 2 0
meuApp/pkg/proto/category.pb.go:257.34,259.4 1 0
meuApp/pkg/proto/category.pb.go:260.3,260.12 1 0
meuApp/pkg/proto/category.pb.go:262.2,262.24 1 0
meuApp/pkg/proto/category.pb.go:266.61,268.2 1 0
meuApp/pkg/proto/category.pb.go:270.52,271.14 1 0
meuApp/pkg/proto/category.pb.go:271.14,273.3 1 0
meuApp/pkg/proto/category.pb.go:274.2,274.14 1 0
meuApp/pkg/proto/category.pb.go:284.41,289.2 4 0
meuApp/pkg/proto/category.pb.go:291.49,293.2 1 0
meuApp/pkg/proto/category.pb.go:295.47,295.48 0 0
meuApp/pkg/proto/category.pb.go:297.69,299.14 2 0
meuApp/pkg/proto/category.pb.go:299.14,301.34 2 0
meuApp/pkg/proto/category.pb.go:301.34,303.4 1 0
meuApp/pkg/proto/category.pb.go:304.3,304.12 1 0
meuApp/pkg/proto/category.pb.go:306.2,306.24 1 0
meuApp/pkg/proto/category.pb.go:310.60,312.2 1 0
meuApp/pkg/proto/category.pb.go:314.54,315.14 1 0
meuApp/pkg/proto/category.pb.go:315.14,317.3 1 0
meuApp/pkg/proto/category.pb.go:318.2,318.14 1 0
meuApp/pkg/proto/category.pb.go:333.36,338.2 4 0
meuApp/pkg/proto/category.pb.go:340.44,342.2 1 0
meuApp/pkg/proto/category.pb.go:344.42,344.43 0 0
meuApp/pkg/proto/category.pb.go:346.64,348.14 2 0
meuApp/pkg/proto/category.pb.go:348.14,350.34 2 0
meuApp/pkg/proto/category.pb.go:350.34,352.4 1 0
meuApp/pkg/proto/category.pb.go:353.3,353.12 1 0
meuApp/pkg/proto/category.pb.go:355.2,355.24 1 0
meuApp/pkg/proto/category.pb.go:359.55,361.2 1 0
meuApp/pkg/proto/category.pb.go:363.43,364.14 1 0
meuApp/pkg/proto/category.pb.go:364.14,366.3 1 0
meuApp/pkg/proto/category.pb.go:367.2,367.11 1 0
meuApp/pkg/proto/category.pb.go:370.45,371.14 1 0
meuApp/pkg/proto/category.pb.go:371.14,373.3 1 0
meuApp/pkg/proto/category.pb.go:374.2,374.11 1 0
meuApp/pkg/proto/category.pb.go:377.52,378.14 1 0
meuApp/pkg/proto/category.pb.go:378.14,380.3 1 0
meuApp/pkg/proto/category.pb.go:381.2,381.11 1 0
meuApp/pkg/proto/category.pb.go:384.45,385.14 1 0
meuApp/pkg/proto/category.pb.go:385.14,387.3 1 0
meuApp/pkg/proto/category.pb.go:388.2,388.14 1 0
meuApp/pkg/proto/category.pb.go:391.66,392.14 1 0
meuApp/pkg/proto/category.pb.go:392.14,394.3 1 0
meuApp/pkg/proto/category.pb.go:395.2,395.12 1 0
meuApp/pkg/proto/category.pb.go:398.66,399.14 1 0
meuApp/pkg/proto/category.pb.go:399.14,401.3 1 0
meuApp/pkg/proto/category.pb.go:402.2,402.12 1 0
meuApp/pkg/proto/category.pb.go:413.42,418.2 4 0
meuApp/pkg/proto/category.pb.go:420.50,422.2 1 0
meuApp/pkg/proto/category.pb.go:424.48,424.49 0 0
meuApp/pkg/proto/category.pb.go:426.70,428.14 2 0
meuApp/pkg/proto/category.pb.go:428.14,430.34 2 0
meuApp/pkg/proto/category.pb.go:430.34,432.4 1 0
meuApp/pkg/proto/category.pb.go:433.3,433.12 1 0
meuApp/pkg/proto/category.pb.go:435.2,435.24 1 0
meuApp/pkg/proto/category.pb.go:439.61,441.2 1 0
meuApp/pkg/proto/category.pb.go:443.70,444.14 1 0
meuApp/pkg/proto/category.pb.go:444.14,446.3 1 0
meuApp/pkg/proto/category.pb.go:447.2,447.12 1 0
meuApp/pkg/proto/category.pb.go:450.51,451.14 1 0
meuApp/pkg/proto/category.pb.go:451.14,453.3 1 0
meuApp/pkg/proto/category.pb.go:454.2,454.10 1 0
meuApp/pkg/proto/category.pb.go:506.53,507.50 1 0
meuApp/pkg/proto/category.pb.go:507.50,509.3 1 0
meuApp/pkg/proto/category.pb.go:510.2,510.46 1 0
meuApp/pkg/proto/category.pb.go:546.13,546.49 1 0
meuApp/pkg/proto/category.pb.go:547.39,548.38 1 0
meuApp/pkg/proto/category.pb.go:548.38,550.3 1 0
meuApp/pkg/proto/category.pb.go:551.2,568.41 6 0
meuApp/pkg/proto/category_grpc.pb.go:44.82,46.2 1 0
meuApp/pkg/proto/category_grpc.pb.go:48.148,52.16 4 0
meuApp/pkg/proto/category_grpc.pb.go:52.16,54.3 1 0
meuApp/pkg/proto/category_grpc.pb.go:55.2,55.17 1 0
meuApp/pkg/proto/category_grpc.pb.go:58.142,62.16 4 0
meuApp/pkg/proto/category_grpc.pb.go:62.16,64.3 1 0
meuApp/pkg/proto/category_grpc.pb.go:65.2,65.17 1 0
meuApp/pkg/proto/category_grpc.pb.go:68.148,72.16 4 0
meuApp/pkg/proto/category_grpc.pb.go:72.16,74.3 1 0
meuApp/pkg/proto/category_grpc.pb.go:75.2,75.17 1 0
meuApp/pkg/proto/category_grpc.pb.go:78.154,82.16 4 0
meuApp/pkg/proto/category_grpc.pb.go:82.16,84.3 1 0
meuApp/pkg/proto/category_grpc.pb.go:85.2,85.17 1 0
meuApp/pkg/proto/category_grpc.pb.go:88.154,92.16 4 0
meuApp/pkg/proto/category_grpc.pb.go:92.16,94.3 1 0
meuApp/pkg/proto/category_grpc.pb.go:95.2,95.17 1 0
meuApp/pkg/proto/category_grpc.pb.go:117.126,119.2 1 0
meuApp/pkg/proto/category_grpc.pb.go:120.120,122.2 1 0
meuApp/pkg/proto/category_grpc.pb.go:123.126,125.2 1 0
meuApp/pkg/proto/category_grpc.pb.go:126.132,128.2 1 0
meuApp/pkg/proto/category_grpc.pb.go:129.132,131.2 1 0
meuApp/pkg/proto/category_grpc.pb.go:132.90,132.91 0 0
meuApp/pkg/proto/category_grpc.pb.go:133.90,133.91 0 0
meuApp/pkg/proto/category_grpc.pb.go:142.88,147.59 1 0
meuApp/pkg/proto/category_grpc.pb.go:147.59,149.3 1 0
meuApp/pkg/proto/category_grpc.pb.go:150.2,150.54 1 0
meuApp/pkg/proto/category_grpc.pb.go:153.175,155.32 2 0
meuApp/pkg/proto/category_grpc.pb.go:155.32,157.3 1 0
meuApp/pkg/proto/category_grpc.pb.go:158.2,158.24 1 0
meuApp/pkg/proto/category_grpc.pb.go:158.24,160.3 1 0
meuApp/pkg/proto/category_grpc.pb.go:161.2,165.77 2 0
meuApp/pkg/proto/category_grpc.pb.go:165.77,167.3 1 0
meuApp/pkg/proto/category_grpc.pb.go:168.2,168.44 1 0
meuApp/pkg/proto/category_grpc.pb.go:171.172,173.32 2 0
meuApp/pkg/proto/category_grpc.pb.go:173.32,175.3 1 0
meuApp/pkg/proto/category_grpc.pb.go:176.2,176.24 1 0
meuApp/pkg/proto/category_grpc.pb.go:176.24,178.3 1 0
meuApp/pkg/proto/category_grpc.pb.go:179.2,183.77 2 0
meuApp/pkg/proto/category_grpc.pb.go:183.77,185.3 1 0
meuApp/pkg/proto/category_grpc.pb.go:186.2,186.44 1 0
meuApp/pkg/proto/category_grpc.pb.go:189.175,191.32 2 0
meuApp/pkg/proto/category_grpc.pb.go:191.32,193.3 1 0
meuApp/pkg/proto/category_grpc.pb.go:194.2,194.24 1 0
meuApp/pkg/proto/category_grpc.pb.go:194.24,196.3 1 0
meuApp/pkg/proto/category_grpc.pb.go:197.2,201.77 2 0
meuApp/pkg/proto/category_grpc.pb.go:201.77,203.3 1 0
meuApp/pkg/proto/category_grpc.pb.go:204.2,204.44 1 0
meuApp/pkg/proto/category_grpc.pb.go:207.175,209.32 2 0
meuApp/pkg/proto/category_grpc.pb.go:209.32,211.3 1 0
meuApp/pkg/proto/category_grpc.pb.go:212.2,212.24 1 0
meuApp/pkg/proto/category_grpc.pb.go:212.24,214.3 1 0
meuApp/pkg/proto/category_grpc.pb.go:215.2,219.77 2 0
meuApp/pkg/proto/category_grpc.pb.go:219.77,221.3 1 0
meuApp/pkg/proto/category_grpc.pb.go:222.2,222.44 1 0
meuApp/pkg/proto/category_grpc.pb.go:225.175,227.32 2 0
meuApp/pkg/proto/category_grpc.pb.go:227.32,229.3 1 0
meuApp/pkg/proto/category_grpc.pb.go:230.2,230.24 1 0
meuApp/pkg/proto/category_grpc.pb.go:230.24,232.3 1 0
meuApp/pkg/proto/category_grpc.pb.go:233.2,237.77 2 0
meuApp/pkg/proto/category_grpc.pb.go:237.77,239.3 1 0
meuApp/pkg/proto/category_grpc.pb.go:240.2,240.44 1 0
meuApp/pkg/proto/order.pb.go:38.25,43.2 4 0
meuApp/pkg/proto/order.pb.go:45.33,47.2 1 0
meuApp/pkg/proto/order.pb.go:49.31,49.32 0 0
meuApp/pkg/proto/order.pb.go:51.53,53.14 2 0
meuApp/pkg/proto/order.pb.go:53.14,55.34 2 0
meuApp/pkg/proto/order.pb.go:55.34,57.4 1 0
meuApp/pkg/proto/order.pb.go:58.3,58.12 1 0
meuApp/pkg/proto/order.pb.go:60.2,60.24 1 0
meuApp/pkg/proto/order.pb.go:64.44,66.2 1 0
meuApp/pkg/proto/order.pb.go:68.32,69.14 1 0
meuApp/pkg/proto/order.pb.go:69.14,71.3 1 0
meuApp/pkg/proto/order.pb.go:72.2,72.11 1 0
meuApp/pkg/proto/order.pb.go:75.36,76.14 1 0
meuApp/pkg/proto/order.pb.go:76.14,78.3 1 0
meuApp/pkg/proto/order.pb.go:79.2,79.11 1 0
meuApp/pkg/proto/order.pb.go:82.41,83.14 1 0
meuApp/pkg/proto/order.pb.go:83.14,85.3 1 0
meuApp/pkg/proto/order.pb.go:86.2,86.12 1 0
meuApp/pkg/proto/order.pb.go:89.41,90.14 1 0
meuApp/pkg/proto/order.pb.go:90.14,92.3 1 0
meuApp/pkg/proto/order.pb.go:93.2,93.10 1 0
meuApp/pkg/proto/order.pb.go:96.36,97.14 1 0
meuApp/pkg/proto/order.pb.go:97.14,99.3 1 0
meuApp/pkg/proto/order.pb.go:100.2,100.11 1 0
meuApp/pkg/proto/order.pb.go:103.39,104.14 1 0
meuApp/pkg/proto/order.pb.go:104.14,106.3 1 0
meuApp/pkg/proto/order.pb.go:107.2,107.11 1 0
meuApp/pkg/proto/order.pb.go:110.39,111.14 1 0
meuApp/pkg/proto/order.pb.go:111.14,113.3 1 0
meuApp/pkg/proto/order.pb.go:114.2,114.11 1 0
meuApp/pkg/proto/order.pb.go:126.29,131.2 4 0
meuApp/pkg/proto/order.pb.go:133.37,135.2 1 0
meuApp/pkg/proto/order.pb.go:137.35,137.36 0 0
meuApp/pkg/proto/order.pb.go:139.57,141.14 2 0
meuApp/pkg/proto/order.pb.go:141.14,143.34 2 0
meuApp/pkg/proto/order.pb.go:143.34,145.4 1 0
meuApp/pkg/proto/order.pb.go:146.3,146.12 1 0
meuApp/pkg/proto/order.pb.go:148.2,148.24 1 0
meuApp/pkg/proto/order.pb.go:152.48,154.2 1 0
meuApp/pkg/proto/order.pb.go:156.43,157.14 1 0
meuApp/pkg/proto/order.pb.go:157.14,159.3 1 0
meuApp/pkg/proto/order.pb.go:160.2,160.11 1 0
meuApp/pkg/proto/order.pb.go:163.41,164.14 1 0
meuApp/pkg/proto/order.pb.go:164.14,166.3 1 0
meuApp/pkg/proto/order.pb.go:167.2,167.10 1 0
meuApp/pkg/proto/order.pb.go:170.40,171.14 1 0
meuApp/pkg/proto/order.pb.go:171.14,173.3 1 0
meuApp/pkg/proto/order.pb.go:174.2,174.10 1 0
meuApp/pkg/proto/order.pb.go:186.38,191.2 4 0
meuApp/pkg/proto/order.pb.go:193.46,195.2 1 0
meuApp/pkg/proto/order.pb.go:197.44,197.45 0 0
meuApp/pkg/proto/order.pb.go:199.66,201.14 2 0
meuApp/pkg/proto/order.pb.go:201.14,203.34 2 0
meuApp/pkg/proto/order.pb.go:203.34,205.4 1 0
meuApp/pkg/proto/order.pb.go:206.3,206.12 1 0
meuApp/pkg/proto/order.pb.go:208.2,208.24 1 0
meuApp/pkg/proto/order.pb.go:212.57,214.2 1 0
meuApp/pkg/proto/order.pb.go:216.49,217.14 1 0
meuApp/pkg/proto/order.pb.go:217.14,219.3 1 0
meuApp/pkg/proto/order.pb.go:220.2,220.11 1 0
meuApp/pkg/proto/order.pb.go:223.60,224.14 1 0
meuApp/pkg/proto/order.pb.go:224.14,226.3 1 0
meuApp/pkg/proto/order.pb.go:227.2,227.12 1 0
meuApp/pkg/proto/order.pb.go:238.39,243.2 4 0
meuApp/pkg/proto/order.pb.go:245.47,247.2 1 0
meuApp/pkg/proto/order.pb.go:249.45,249.46 0 0
meuApp/pkg/proto/order.pb.go:251.67,253.14 2 0
meuApp/pkg/proto/order.pb.go:253.14,255.34 2 0
meuApp/pkg/proto/order.pb.go:255.34,257.4 1 0
meuApp/pkg/proto/order.pb.go:258.3,258.12 1 0
meuApp/pkg/proto/order.pb.go:260.2,260.24 1 0
meuApp/pkg/proto/order.pb.go:264.58,266.2 1 0
meuApp/pkg/proto/order.pb.go:268.49,269.14 1 0
meuApp/pkg/proto/order.pb.go:269.14,271.3 1 0
meuApp/pkg/proto/order.pb.go:272.2,272.12 1 0
meuApp/pkg/proto/order.pb.go:275.51,276.14 1 0
meuApp/pkg/proto/order.pb.go:276.14,278.3 1 0
meuApp/pkg/proto/order.pb.go:279.2,279.11 1 0
meuApp/pkg/proto/order.pb.go:290.35,295.2 4 0
meuApp/pkg/proto/order.pb.go:297.43,299.2 1 0
meuApp/pkg/proto/order.pb.go:301.41,301.42 0 0
meuApp/pkg/proto/order.pb.go:303.63,305.14 2 0
meuApp/pkg/proto/order.pb.go:305.14,307.34 2 0
meuApp/pkg/proto/order.pb.go:307.34,309.4 1 0
meuApp/pkg/proto/order.pb.go:310.3,310.12 1 0
meuApp/pkg/proto/order.pb.go:312.2,312.24 1 0
meuApp/pkg/proto/order.pb.go:316.54,318.2 1 0
meuApp/pkg/proto/order.pb.go:320.49,321.14 1 0
meuApp/pkg/proto/order.pb.go:321.14,323.3 1 0
meuApp/pkg/proto/order.pb.go:324.2,324.11 1 0
meuApp/pkg/proto/order.pb.go:327.47,328.14 1 0
meuApp/pkg/proto/order.pb.go:328.14,330.3 1 0
meuApp/pkg/proto/order.pb.go:331.2,331.10 1 0
meuApp/pkg/proto/order.pb.go:342.35,347.2 4 0
meuApp/pkg/proto/order.pb.go:349.43,351.2 1 0
meuApp/pkg/proto/order.pb.go:353.41,353.42 0 0
meuApp/pkg/proto/order.pb.go:355.63,357.14 2 0
meuApp/pkg/proto/order.pb.go:357.14,359.34 2 0
meuApp/pkg/proto/order.pb.go:359.34,361.4 1 0
meuApp/pkg/proto/order.pb.go:362.3,362.12 1 0
meuApp/pkg/proto/order.pb.go:364.2,364.24 1 0
meuApp/pkg/proto/order.pb.go:368.54,370.2 1 0
meuApp/pkg/proto/order.pb.go:372.42,373.14 1 0
meuApp/pkg/proto/order.pb.go:373.14,375.3 1 0
meuApp/pkg/proto/order.pb.go:376.2,376.11 1 0
meuApp/pkg/proto/order.pb.go:387.36,392.2 4 0
meuApp/pkg/proto/order.pb.go:394.44,396.2 1 0
meuApp/pkg/proto/order.pb.go:398.42,398.43 0 0
meuApp/pkg/proto/order.pb.go:400.64,402.14 2 0
meuApp/pkg/proto/order.pb.go:402.14,404.34 2 0
meuApp/pkg/proto/order.pb.go:404.34,406.4 1 0
meuApp/pkg/proto/order.pb.go:407.3,407.12 1 0
meuApp/pkg/proto/order.pb.go:409.2,409.24 1 0
meuApp/pkg/proto/order.pb.go:413.55,415.2 1 0
meuApp/pkg/proto/order.pb.go:417.46,418.14 1 0
meuApp/pkg/proto/order.pb.go:418.14,420.3 1 0
meuApp/pkg/proto/order.pb.go:421.2,421.12 1 0
meuApp/pkg/proto/order.pb.go:424.48,425.14 1 0
meuApp/pkg/proto/order.pb.go:425.14,427.3 1 0
meuApp/pkg/proto/order.pb.go:428.2,428.11 1 0
meuApp/pkg/proto/order.pb.go:440.44,445.2 4 0
meuApp/pkg/proto/order.pb.go:447.52,449.2 1 0
meuApp/pkg/proto/order.pb.go:451.50,451.51 0 0
meuApp/pkg/proto/order.pb.go:453.72,455.14 2 0
meuApp/pkg/proto/order.pb.go:455.14,457.34 2 0
meuApp/pkg/proto/order.pb.go:457.34,459.4 1 0
meuApp/pkg/proto/order.pb.go:460.3,460.12 1 0
meuApp/pkg/proto/order.pb.go:462.2,462.24 1 0
meuApp/pkg/proto/order.pb.go:466.63,468.2 1 0
meuApp/pkg/proto/order.pb.go:470.51,471.14 1 0
meuApp/pkg/proto/order.pb.go:471.14,473.3 1 0
meuApp/pkg/proto/order.pb.go:474.2,474.11 1 0
meuApp/pkg/proto/order.pb.go:477.55,478.14 1 0
meuApp/pkg/proto/order.pb.go:478.14,480.3 1 0
meuApp/pkg/proto/order.pb.go:481.2,481.11 1 0
meuApp/pkg/proto/order.pb.go:492.45,497.2 4 0
meuApp/pkg/proto/order.pb.go:499.53,501.2 1 0
meuApp/pkg/proto/order.pb.go:503.51,503.52 0 0
meuApp/pkg/proto/order.pb.go:505.73,507.14 2 0
meuApp/pkg/proto/order.pb.go:507.14,509.34 2 0
meuApp/pkg/proto/order.pb.go:509.34,511.4 1 0
meuApp/pkg/proto/order.pb.go:512.3,512.12 1 0
meuApp/pkg/proto/order.pb.go:514.2,514.24 1 0
meuApp/pkg/proto/order.pb.go:518.64,520.2 1 0
meuApp/pkg/proto/order.pb.go:522.55,523.14 1 0
meuApp/pkg/proto/order.pb.go:523.14,525.3 1 0
meuApp/pkg/proto/order.pb.go:526.2,526.12 1 0
meuApp/pkg/proto/order.pb.go:529.57,530.14 1 0
meuApp/pkg/proto/order.pb.go:530.14,532.3 1 0
meuApp/pkg/proto/order.pb.go:533.2,533.11 1 0
meuApp/pkg/proto/order.pb.go:544.38,549.2 4 0
meuApp/pkg/proto/order.pb.go:551.46,553.2 1 0
meuApp/pkg/proto/order.pb.go:555.44,555.45 0 0
meuApp/pkg/proto/order.pb.go:557.66,559.14 2 0
meuApp/pkg/proto/order.pb.go:559.14,561.34 2 0
meuApp/pkg/proto/order.pb.go:561.34,563.4 1 0
meuApp/pkg/proto/order.pb.go:564.3,564.12 1 0
meuApp/pkg/proto/order.pb.go:566.2,566.24 1 0
meuApp/pkg/proto/order.pb.go:570.57,572.2 1 0
meuApp/pkg/proto/order.pb.go:574.45,575.14 1 0
meuApp/pkg/proto/order.pb.go:575.14,577.3 1 0
meuApp/pkg/proto/order.pb.go:578.2,578.11 1 0
meuApp/pkg/proto/order.pb.go:588.39,593.2 4 0
meuApp/pkg/proto/order.pb.go:595.47,597.2 1 0
meuApp/pkg/proto/order.pb.go:599.45,599.46 0 0
meuApp/pkg/proto/order.pb.go:601.67,603.14 2 0
meuApp/pkg/proto/order.pb.go:603.14,605.34 2 0
meuApp/pkg/proto/order.pb.go:605.34,607.4 1 0
meuApp/pkg/proto/order.pb.go:608.3,608.12 1 0
meuApp/pkg/proto/order.pb.go:610.2,610.24 1 0
meuApp/pkg/proto/order.pb.go:614.58,616.2 1 0
meuApp/pkg/proto/order.pb.go:618.51,619.14 1 0
meuApp/pkg/proto/order.pb.go:619.14,621.3 1 0
meuApp/pkg/proto/order.pb.go:622.2,622.11 1 0
meuApp/pkg/proto/order.pb.go:636.38,641.2 4 0
meuApp/pkg/proto/order.pb.go:643.46,645.2 1 0
meuApp/pkg/proto/order.pb.go:647.44,647.45 0 0
meuApp/pkg/proto/order.pb.go:649.66,651.14 2 0
meuApp/pkg/proto/order.pb.go:651.14,653.34 2 0
meuApp/pkg/proto/order.pb.go:653.34,655.4 1 0
meuApp/pkg/proto/order.pb.go:656.3,656.12 1 0
meuApp/pkg/proto/order.pb.go:658.2,658.24 1 0
meuApp/pkg/proto/order.pb.go:662.57,664.2 1 0
meuApp/pkg/proto/order.pb.go:666.51,667.14 1 0
meuApp/pkg/proto/order.pb.go:667.14,669.3 1 0
meuApp/pkg/proto/order.pb.go:670.2,670.12 1 0
meuApp/pkg/proto/order.pb.go:673.47,674.14 1 0
meuApp/pkg/proto/order.pb.go:674.14,676.3 1 0
meuApp/pkg/proto/order.pb.go:677.2,677.10 1 0
meuApp/pkg/proto/order.pb.go:680.46,681.14 1 0
meuApp/pkg/proto/order.pb.go:681.14,683.3 1 0
meuApp/pkg/proto/order.pb.go:684.2,684.10 1 0
meuApp/pkg/proto/order.pb.go:687.50,688.14 1 0
meuApp/pkg/proto/order.pb.go:688.14,690.3 1 0
meuApp/pkg/proto/order.pb.go:691.2,691.10 1 0
meuApp/pkg/proto/order.pb.go:694.50,695.14 1 0
meuApp/pkg/proto/order.pb.go:695.14,697.3 1 0
meuApp/pkg/proto/order.pb.go:698.2,698.11 1 0
meuApp/pkg/proto/order.pb.go:711.42,716.2 4 0
meuApp/pkg/proto/order.pb.go:718.50,720.2 1 0
meuApp/pkg/proto/order.pb.go:722.48,722.49 0 0
meuApp/pkg/proto/order.pb.go:724.70,726.14 2 0
meuApp/pkg/proto/order.pb.go:726.14,728.34 2 0
meuApp/pkg/proto/order.pb.go:728.34,730.4 1 0
meuApp/pkg/proto/order.pb.go:731.3,731.12 1 0
meuApp/pkg/proto/order.pb.go:733.2,733.24 1 0
meuApp/pkg/proto/order.pb.go:737.61,739.2 1 0
meuApp/pkg/proto/order.pb.go:741.53,742.14 1 0
meuApp/pkg/proto/order.pb.go:742.14,744.3 1 0
meuApp/pkg/proto/order.pb.go:745.2,745.11 1 0
meuApp/pkg/proto/order.pb.go:748.50,749.14 1 0
meuApp/pkg/proto/order.pb.go:749.14,751.3 1 0
meuApp/pkg/proto/order.pb.go:752.2,752.10 1 0
meuApp/pkg/proto/order.pb.go:755.54,756.14 1 0
meuApp/pkg/proto/order.pb.go:756.14,758.3 1 0
meuApp/pkg/proto/order.pb.go:759.2,759.10 1 0
meuApp/pkg/proto/order.pb.go:834.50,835.47 1 0
meuApp/pkg/proto/order.pb.go:835.47,837.3 1 0
meuApp/pkg/proto/order.pb.go:838.2,838.43 1 0
meuApp/pkg/proto/order.pb.go:881.13,881.46 1 0
meuApp/pkg/proto/order.pb.go:882.36,883.35 1 0
meuApp/pkg/proto/order.pb.go:883.35,885.3 1 0
meuApp/pkg/proto/order.pb.go:886.2,902.38 5 0
meuApp/pkg/proto/order_grpc.pb.go:51.76,53.2 1 0
meuApp/pkg/proto/order_grpc.pb.go:55.142,59.16 4 0
meuApp/pkg/proto/order_grpc.pb.go:59.16,61.3 1 0
meuApp/pkg/proto/order_grpc.pb.go:62.2,62.17 1 0
meuApp/pkg/proto/order_grpc.pb.go:65.133,69.16 4 0
meuApp/pkg/proto/order_grpc.pb.go:69.16,71.3 1 0
meuApp/pkg/proto/order_grpc.pb.go:72.2,72.17 1 0
meuApp/pkg/proto/order_grpc.pb.go:75.160,79.16 4 0
meuApp/pkg/proto/order_grpc.pb.go:79.16,81.3 1 0
meuApp/pkg/proto/order_grpc.pb.go:82.2,82.17 1 0
meuApp/pkg/proto/order_grpc.pb.go:85.142,89.16 4 0
meuApp/pkg/proto/order_grpc.pb.go:89.16,91.3 1 0
meuApp/pkg/proto/order_grpc.pb.go:92.2,92.17 1 0
meuApp/pkg/proto/order_grpc.pb.go:95.149,99.16 4 0
meuApp/pkg/proto/order_grpc.pb.go:99.16,101.3 1 0
meuApp/pkg/proto/order_grpc.pb.go:102.2,102.17 1 0
meuApp/pkg/proto/order_grpc.pb.go:131.120,133.2 1 0
meuApp/pkg/proto/order_grpc.pb.go:134.111,136.2 1 0
meuApp/pkg/proto/order_grpc.pb.go:137.138,139.2 1 0
meuApp/pkg/proto/order_grpc.pb.go:140.120,142.2 1 0
meuApp/pkg/proto/order_grpc.pb.go:143.127,145.2 1 0
meuApp/pkg/proto/order_grpc.pb.go:146.84,146.85 0 0
meuApp/pkg/proto/order_grpc.pb.go:147.84,147.85 0 0
meuApp/pkg/proto/order_grpc.pb.go:156.82,161.59 1 0
meuApp/pkg/proto/order_grpc.pb.go:161.59,163.3 1 0
meuApp/pkg/proto/order_grpc.pb.go:164.2,164.51 1 0
meuApp/pkg/proto/order_grpc.pb.go:167.169,169.32 2 0
meuApp/pkg/proto/order_grpc.pb.go:169.32,171.3 1 0
meuApp/pkg/proto/order_grpc.pb.go:172.2,172.24 1 0
meuApp/pkg/proto/order_grpc.pb.go:172.24,174.3 1 0
meuApp/pkg/proto/order_grpc.pb.go:175.2,179.77 2 0
meuApp/pkg/proto/order_grpc.pb.go:179.77,181.3 1 0
meuApp/pkg/proto/order_grpc.pb.go:182.2,182.44 1 0
meuApp/pkg/proto/order_grpc.pb.go:185.166,187.32 2 0
meuApp/pkg/proto/order_grpc.pb.go:187.32,189.3 1 0
meuApp/pkg/proto/order_grpc.pb.go:190.2,190.24 1 0
meuApp/pkg/proto/order_grpc.pb.go:190.24,192.3 1 0
meuApp/pkg/proto/order_grpc.pb.go:193.2,197.77 2 0
meuApp/pkg/proto/order_grpc.pb.go:197.77,199.3 1 0
meuApp/pkg/proto/order_grpc.pb.go:200.2,200.44 1 0
meuApp/pkg/proto/order_grpc.pb.go:203.175,205.32 2 0
meuApp/pkg/proto/order_grpc.pb.go:205.32,207.3 1 0
meuApp/pkg/proto/order_grpc.pb.go:208.2,208.24 1 0
meuApp/pkg/proto/order_grpc.pb.go:208.24,210.3 1 0
meuApp/pkg/proto/order_grpc.pb.go:211.2,215.77 2 0
meuApp/pkg/proto/order_grpc.pb.go:215.77,217.3 1 0
meuApp/pkg/proto/order_grpc.pb.go:218.2,218.44 1 0
meuApp/pkg/proto/order_grpc.pb.go:221.169,223.32 2 0
meuApp/pkg/proto/order_grpc.pb.go:223.32,225.3 1 0
meuApp/pkg/proto/order_grpc.pb.go:226.2,226.24 1 0
meuApp/pkg/proto/order_grpc.pb.go:226.24,228.3 1 0
meuApp/pkg/proto/order_grpc.pb.go:229.2,233.77 2 0
meuApp/pkg/proto/order_grpc.pb.go:233.77,235.3 1 0
meuApp/pkg/proto/order_grpc.pb.go:236.2,236.44 1 0
meuApp/pkg/proto/order_grpc.pb.go:239.173,241.32 2 0
meuApp/pkg/proto/order_grpc.pb.go:241.32,243.3 1 0
meuApp/pkg/proto/order_grpc.pb.go:244.2,244.24 1 0
meuApp/pkg/proto/order_grpc.pb.go:244.24,246.3 1 0
meuApp/pkg/proto/order_grpc.pb.go:247.2,251.77 2 0
meuApp/pkg/proto/order_grpc.pb.go:251.77,253.3 1 0
meuApp/pkg/proto/order_grpc.pb.go:254.2,254.44 1 0
meuApp/pkg/proto/product.pb.go:38.27,43.2 4 0
meuApp/pkg/proto/product.pb.go:45.35,47.2 1 0
meuApp/pkg/proto/product.pb.go:49.33,49.34 0 0
meuApp/pkg/proto/product.pb.go:51.55,53.14 2 0
meuApp/pkg/proto/product.pb.go:53.14,55.34 2 0
meuApp/pkg/proto/product.pb.go:55.34,57.4 1 0
meuApp/pkg/proto/product.pb.go:58.3,58.12 1 0
meuApp/pkg/proto/product.pb.go:60.2,60.24 1 0
meuApp/pkg/proto/product.pb.go:64.46,66.2 1 0
meuApp/pkg/proto/product.pb.go:68.34,69.14 1 0
meuApp/pkg/proto/product.pb.go:69.14,71.3 1 0
meuApp/pkg/proto/product.pb.go:72.2,72.11 1 0
meuApp/pkg/proto/product.pb.go:75.36,76.14 1 0
meuApp/pkg/proto/product.pb.go:76.14,78.3 1 0
meuApp/pkg/proto/product.pb.go:79.2,79.11 1 0
meuApp/pkg/proto/product.pb.go:82.43,83.14 1 0
meuApp/pkg/proto/product.pb.go:83.14,85.3 1 0
meuApp/pkg/proto/product.pb.go:86.2,86.11 1 0
meuApp/pkg/proto/product.pb.go:89.38,90.14 1 0
meuApp/pkg/proto/product.pb.go:90.14,92.3 1 0
meuApp/pkg/proto/product.pb.go:93.2,93.10 1 0
meuApp/pkg/proto/product.pb.go:96.39,97.14 1 0
meuApp/pkg/proto/product.pb.go:97.14,99.3 1 0
meuApp/pkg/proto/product.pb.go:100.2,100.10 1 0
meuApp/pkg/proto/product.pb.go:103.41,104.14 1 0
meuApp/pkg/proto/product.pb.go:104.14,106.3 1 0
meuApp/pkg/proto/product.pb.go:107.2,107.11 1 0
meuApp/pkg/proto/product.pb.go:110.41,111.14 1 0
meuApp/pkg/proto/product.pb.go:111.14,113.3 1 0
meuApp/pkg/proto/product.pb.go:114.2,114.11 1 0
meuApp/pkg/proto/product.pb.go:128.40,133.2 4 0
meuApp/pkg/proto/product.pb.go:135.48,137.2 1 0
meuApp/pkg/proto/product.pb.go:139.46,139.47 0 0
meuApp/pkg/proto/product.pb.go:141.68,143.14 2 0
meuApp/pkg/proto/product.pb.go:143.14,145.34 2 0
meuApp/pkg/proto/product.pb.go:145.34,147.4 1 0
meuApp/pkg/proto/product.pb.go:148.3,148.12 1 0
meuApp/pkg/proto/product.pb.go:150.2,150.24 1 0
meuApp/pkg/proto/product.pb.go:154.59,156.2 1 0
meuApp/pkg/proto/product.pb.go:158.49,159.14 1 0
meuApp/pkg/proto/product.pb.go:159.14,161.3 1 0
meuApp/pkg/proto/product.pb.go:162.2,162.11 1 0
meuApp/pkg/proto/product.pb.go:165.56,166.14 1 0
meuApp/pkg/proto/product.pb.go:166.14,168.3 1 0
meuApp/pkg/proto/product.pb.go:169.2,169.11 1 0
meuApp/pkg/proto/product.pb.go:172.51,173.14 1 0
meuApp/pkg/proto/product.pb.go:173.14,175.3 1 0
meuApp/pkg/proto/product.pb.go:176.2,176.10 1 0
meuApp/pkg/proto/product.pb.go:179.52,180.14 1 0
meuApp/pkg/proto/product.pb.go:180.14,182.3 1 0
meuApp/pkg/proto/product.pb.go:183.2,183.10 1 0
meuApp/pkg/proto/product.pb.go:194.41,199.2 4 0
meuApp/pkg/proto/product.pb.go:201.49,203.2 1 0
meuApp/pkg/proto/product.pb.go:205.47,205.48 0 0
meuApp/pkg/proto/product.pb.go:207.69,209.14 2 0
meuApp/pkg/proto/product.pb.go:209.14,211.34 2 0
meuApp/pkg/proto/product.pb.go:211.34,213.4 1 0
meuApp/pkg/proto/product.pb.go:214.3,214.12 1 0
meuApp/pkg/proto/product.pb.go:216.2,216.24 1 0
meuApp/pkg/proto/product.pb.go:220.60,222.2 1 0
meuApp/pkg/proto/product.pb.go:224.55,225.14 1 0
meuApp/pkg/proto/product.pb.go:225.14,227.3 1 0
meuApp/pkg/proto/product.pb.go:228.2,228.12 1 0
meuApp/pkg/proto/product.pb.go:231.53,232.14 1 0
meuApp/pkg/proto/product.pb.go:232.14,234.3 1 0
meuApp/pkg/proto/product.pb.go:235.2,235.11 1 0
meuApp/pkg/proto/product.pb.go:246.37,251.2 4 0
meuApp/pkg/proto/product.pb.go:253.45,255.2 1 0
meuApp/pkg/proto/product.pb.go:257.43,257.44 0 0
meuApp/pkg/proto/product.pb.go:259.65,261.14 2 0
meuApp/pkg/proto/product.pb.go:261.14,263.34 2 0
meuApp/pkg/proto/product.pb.go:263.34,265.4 1 0
meuApp/pkg/proto/product.pb.go:266.3,266.12 1 0
meuApp/pkg/proto/product.pb.go:268.2,268.24 1 0
meuApp/pkg/proto/product.pb.go:272.56,274.2 1 0
meuApp/pkg/proto/product.pb.go:276.44,277.14 1 0
meuApp/pkg/proto/product.pb.go:277.14,279.3 1 0
meuApp/pkg/proto/product.pb.go:280.2,280.11 1 0
meuApp/pkg/proto/product.pb.go:291.38,296.2 4 0
meuApp/pkg/proto/product.pb.go:298.46,300.2 1 0
meuApp/pkg/proto/product.pb.go:302.44,302.45 0 0
meuApp/pkg/proto/product.pb.go:304.66,306.14 2 0
meuApp/pkg/proto/product.pb.go:306.14,308.34 2 0
meuApp/pkg/proto/product.pb.go:308.34,310.4 1 0
meuApp/pkg/proto/product.pb.go:311.3,311.12 1 0
meuApp/pkg/proto/product.pb.go:313.2,313.24 1 0
meuApp/pkg/proto/product.pb.go:317.57,319.2 1 0
meuApp/pkg/proto/product.pb.go:321.52,322.14 1 0
meuApp/pkg/proto/product.pb.go:322.14,324.3 1 0
meuApp/pkg/proto/product.pb.go:325.2,325.12 1 0
meuApp/pkg/proto/product.pb.go:328.50,329.14 1 0
meuApp/pkg/proto/product.pb.go:329.14,331.3 1 0
meuApp/pkg/proto/product.pb.go:332.2,332.11 1 0
meuApp/pkg/proto/product.pb.go:347.40,352.2 4 0
meuApp/pkg/proto/product.pb.go:354.48,356.2 1 0
meuApp/pkg/proto/product.pb.go:358.46,358.47 0 0
meuApp/pkg/proto/product.pb.go:360.68,362.14 2 0
meuApp/pkg/proto/product.pb.go:362.14,364.34 2 0
meuApp/pkg/proto/product.pb.go:364.34,366.4 1 0
meuApp/pkg/proto/product.pb.go:367.3,367.12 1 0
meuApp/pkg/proto/product.pb.go:369.2,369.24 1 0
meuApp/pkg/proto/product.pb.go:373.59,375.2 1 0
meuApp/pkg/proto/product.pb.go:377.47,378.14 1 0
meuApp/pkg/proto/product.pb.go:378.14,380.3 1 0
meuApp/pkg/proto/product.pb.go:381.2,381.11 1 0
meuApp/pkg/proto/product.pb.go:384.49,385.14 1 0
meuApp/pkg/proto/product.pb.go:385.14,387.3 1 0
meuApp/pkg/proto/product.pb.go:388.2,388.11 1 0
meuApp/pkg/proto/product.pb.go:391.56,392.14 1 0
meuApp/pkg/proto/product.pb.go:392.14,394.3 1 0
meuApp/pkg/proto/product.pb.go:395.2,395.11 1 0
meuApp/pkg/proto/product.pb.go:398.51,399.14 1 0
meuApp/pkg/proto/product.pb.go:399.14,401.3 1 0
meuApp/pkg/proto/product.pb.go:402.2,402.10 1 0
meuApp/pkg/proto/product.pb.go:405.52,406.14 1 0
meuApp/pkg/proto/product.pb.go:406.14,408.3 1 0
meuApp/pkg/proto/product.pb.go:409.2,409.10 1 0
meuApp/pkg/proto/product.pb.go:420.41,425.2 4 0
meuApp/pkg/proto/product.pb.go:427.49,429.2 1 0
meuApp/pkg/proto/product.pb.go:431.47,431.48 0 0
meuApp/pkg/proto/product.pb.go:433.69,435.14 2 0
meuApp/pkg/proto/product.pb.go:435.14,437.34 2 0
meuApp/pkg/proto/product.pb.go:437.34,439.4 1 0
meuApp/pkg/proto/product.pb.go:440.3,440.12 1 0
meuApp/pkg/proto/product.pb.go:442.2,442.24 1 0
meuApp/pkg/proto/product.pb.go:446.60,448.2 1 0
meuApp/pkg/proto/product.pb.go:450.55,451.14 1 0
meuApp/pkg/proto/product.pb.go:451.14,453.3 1 0
meuApp/pkg/proto/product.pb.go:454.2,454.12 1 0
meuApp/pkg/proto/product.pb.go:457.53,458.14 1 0
meuApp/pkg/proto/product.pb.go:458.14,460.3 1 0
meuApp/pkg/proto/product.pb.go:461.2,461.11 1 0
meuApp/pkg/proto/product.pb.go:472.40,477.2 4 0
meuApp/pkg/proto/product.pb.go:479.48,481.2 1 0
meuApp/pkg/proto/product.pb.go:483.46,483.47 0 0
meuApp/pkg/proto/product.pb.go:485.68,487.14 2 0
meuApp/pkg/proto/product.pb.go:487.14,489.34 2 0
meuApp/pkg/proto/product.pb.go:489.34,491.4 1 0
meuApp/pkg/proto/product.pb.go:492.3,492.12 1 0
meuApp/pkg/proto/product.pb.go:494.2,494.24 1 0
meuApp/pkg/proto/product.pb.go:498.59,500.2 1 0
meuApp/pkg/proto/product.pb.go:502.47,503.14 1 0
meuApp/pkg/proto/product.pb.go:503.14,505.3 1 0
meuApp/pkg/proto/product.pb.go:506.2,506.11 1 0
meuApp/pkg/proto/product.pb.go:516.41,521.2 4 0
meuApp/pkg/proto/product.pb.go:523.49,525.2 1 0
meuApp/pkg/proto/product.pb.go:527.47,527.48 0 0
meuApp/pkg/proto/product.pb.go:529.69,531.14 2 0
meuApp/pkg/proto/product.pb.go:531.14,533.34 2 0
meuApp/pkg/proto/product.pb.go:533.34,535.4 1 0
meuApp/pkg/proto/product.pb.go:536.3,536.12 1 0
meuApp/pkg/proto/product.pb.go:538.2,538.24 1 0
meuApp/pkg/proto/product.pb.go:542.60,544.2 1 0
meuApp/pkg/proto/product.pb.go:546.53,547.14 1 0
meuApp/pkg/proto/product.pb.go:547.14,549.3 1 0
meuApp/pkg/proto/product.pb.go:550.2,550.11 1 0
meuApp/pkg/proto/product.pb.go:562.39,567.2 4 0
meuApp/pkg/proto/product.pb.go:569.47,571.2 1 0
meuApp/pkg/proto/product.pb.go:573.45,573.46 0 0
meuApp/pkg/proto/product.pb.go:575.67,577.14 2 0
meuApp/pkg/proto/product.pb.go:577.14,579.34 2 0
meuApp/pkg/proto/product.pb.go:579.34,581.4 1 0
meuApp/pkg/proto/product.pb.go:582.3,582.12 1 0
meuApp/pkg/proto/product.pb.go:584.2,584.24 1 0
meuApp/pkg/proto/product.pb.go:588.58,590.2 1 0
meuApp/pkg/proto/product.pb.go:592.47,593.14 1 0
meuApp/pkg/proto/product.pb.go:593.14,595.3 1 0
meuApp/pkg/proto/product.pb.go:596.2,596.10 1 0
meuApp/pkg/proto/product.pb.go:599.51,600.14 1 0
meuApp/pkg/proto/product.pb.go:600.14,602.3 1 0
meuApp/pkg/proto/product.pb.go:603.2,603.10 1 0
meuApp/pkg/proto/product.pb.go:617.40,622.2 4 0
meuApp/pkg/proto/product.pb.go:624.48,626.2 1 0
meuApp/pkg/proto/product.pb.go:628.46,628.47 0 0
meuApp/pkg/proto/product.pb.go:630.68,632.14 2 0
meuApp/pkg/proto/product.pb.go:632.14,634.34 2 0
meuApp/pkg/proto/product.pb.go:634.34,636.4 1 0
meuApp/pkg/proto/product.pb.go:637.3,637.12 1 0
meuApp/pkg/proto/product.pb.go:639.2,639.24 1 0
meuApp/pkg/proto/product.pb.go:643.59,645.2 1 0
meuApp/pkg/proto/product.pb.go:647.57,648.14 1 0
meuApp/pkg/proto/product.pb.go:648.14,650.3 1 0
meuApp/pkg/proto/product.pb.go:651.2,651.12 1 0
meuApp/pkg/proto/product.pb.go:654.49,655.14 1 0
meuApp/pkg/proto/product.pb.go:655.14,657.3 1 0
meuApp/pkg/proto/product.pb.go:658.2,658.10 1 0
meuApp/pkg/proto/product.pb.go:661.48,662.14 1 0
meuApp/pkg/proto/product.pb.go:662.14,664.3 1 0
meuApp/pkg/proto/product.pb.go:665.2,665.10 1 0
meuApp/pkg/proto/product.pb.go:668.52,669.14 1 0
meuApp/pkg/proto/product.pb.go:669.14,671.3 1 0
meuApp/pkg/proto/product.pb.go:672.2,672.10 1 0
meuApp/pkg/proto/product.pb.go:675.52,676.14 1 0
meuApp/pkg/proto/product.pb.go:676.14,678.3 1 0
meuApp/pkg/proto/product.pb.go:679.2,679.11 1 0
meuApp/pkg/proto/product.pb.go:692.41,697.2 4 0
meuApp/pkg/proto/product.pb.go:699.49,701.2 1 0
meuApp/pkg/proto/product.pb.go:703.47,703.48 0 0
meuApp/pkg/proto/product.pb.go:705.69,707.14 2 0
meuApp/pkg/proto/product.pb.go:707.14,709.34 2 0
meuApp/pkg/proto/product.pb.go:709.34,711.4 1 0
meuApp/pkg/proto/product.pb.go:712.3,712.12 1 0
meuApp/pkg/proto/product.pb.go:714.2,714.24 1 0
meuApp/pkg/proto/product.pb.go:718.60,720.2 1 0
meuApp/pkg/proto/product.pb.go:722.51,723.14 1 0
meuApp/pkg/proto/product.pb.go:723.14,725.3 1 0
meuApp/pkg/proto/product.pb.go:726.2,726.11 1 0
meuApp/pkg/proto/product.pb.go:729.49,730.14 1 0
meuApp/pkg/proto/product.pb.go:730.14,732.3 1 0
meuApp/pkg/proto/product.pb.go:733.2,733.10 1 0
meuApp/pkg/proto/product.pb.go:736.53,737.14 1 0
meuApp/pkg/proto/product.pb.go:737.14,739.3 1 0
meuApp/pkg/proto/product.pb.go:740.2,740.10 1 0
meuApp/pkg/proto/product.pb.go:811.52,812.49 1 0
meuApp/pkg/proto/product.pb.go:812.49,814.3 1 0
meuApp/pkg/proto/product.pb.go:815.2,815.45 1 0
meuApp/pkg/proto/product.pb.go:857.13,857.48 1 0
meuApp/pkg/proto/product.pb.go:858.38,859.37 1 0
meuApp/pkg/proto/product.pb.go:859.37,861.3 1 0
meuApp/pkg/proto/product.pb.go:862.2,878.40 5 0
meuApp/pkg/proto/product_grpc.pb.go:54.80,56.2 1 0
meuApp/pkg/proto/product_grpc.pb.go:58.150,62.16 4 0
meuApp/pkg/proto/product_grpc.pb.go:62.16,64.3 1 0
meuApp/pkg/proto/product_grpc.pb.go:65.2,65.17 1 0
meuApp/pkg/proto/product_grpc.pb.go:68.141,72.16 4 0
meuApp/pkg/proto/product_grpc.pb.go:72.16,74.3 1 0
meuApp/pkg/proto/product_grpc.pb.go:75.2,75.17 1 0
meuApp/pkg/proto/product_grpc.pb.go:78.150,82.16 4 0
meuApp/pkg/proto/product_grpc.pb.go:82.16,84.3 1 0
meuApp/pkg/proto/product_grpc.pb.go:85.2,85.17 1 0
meuApp/pkg/proto/product_grpc.pb.go:88.150,92.16 4 0
meuApp/pkg/proto/product_grpc.pb.go:92.16,94.3 1 0
meuApp/pkg/proto/product_grpc.pb.go:95.2,95.17 1 0
meuApp/pkg/proto/product_grpc.pb.go:98.147,102.16 4 0
meuApp/pkg/proto/product_grpc.pb.go:102.16,104.3 1 0
meuApp/pkg/proto/product_grpc.pb.go:105.2,105.17 1 0
meuApp/pkg/proto/product_grpc.pb.go:108.151,112.16 4 0
meuApp/pkg/proto/product_grpc.pb.go:112.16,114.3 1 0
meuApp/pkg/proto/product_grpc.pb.go:115.2,115.17 1 0
meuApp/pkg/proto/product_grpc.pb.go:146.128,148.2 1 0
meuApp/pkg/proto/product_grpc.pb.go:149.119,151.2 1 0
meuApp/pkg/proto/product_grpc.pb.go:152.128,154.2 1 0
meuApp/pkg/proto/product_grpc.pb.go:155.128,157.2 1 0
meuApp/pkg/proto/product_grpc.pb.go:158.125,160.2 1 0
meuApp/pkg/proto/product_grpc.pb.go:161.129,163.2 1 0
meuApp/pkg/proto/product_grpc.pb.go:164.88,164.89 0 0
meuApp/pkg/proto/product_grpc.pb.go:165.88,165.89 0 0
meuApp/pkg/proto/product_grpc.pb.go:174.86,179.59 1 0
meuApp/pkg/proto/product_grpc.pb.go:179.59,181.3 1 0
meuApp/pkg/proto/product_grpc.pb.go:182.2,182.53 1 0
meuApp/pkg/proto/product_grpc.pb.go:185.173,187.32 2 0
meuApp/pkg/proto/product_grpc.pb.go:187.32,189.3 1 0
meuApp/pkg/proto/product_grpc.pb.go:190.2,190.24 1 0
meuApp/pkg/proto/product_grpc.pb.go:190.24,192.3 1 0
meuApp/pkg/proto/product_grpc.pb.go:193.2,197.77 2 0
meuApp/pkg/proto/product_grpc.pb.go:197.77,199.3 1 0
meuApp/pkg/proto/product_grpc.pb.go:200.2,200.44 1 0
meuApp/pkg/proto/product_grpc.pb.go:203.170,205.32 2 0
meuApp/pkg/proto/product_grpc.pb.go:205.32,207.3 1 0
meuApp/pkg/proto/product_grpc.pb.go:208.2,208.24 1 0
meuApp/pkg/proto/product_grpc.pb.go:208.24,210.3 1 0
meuApp/pkg/proto/product_grpc.pb.go:211.2,215.77 2 0
meuApp/pkg/proto/product_grpc.pb.go:215.77,217.3 1 0
meuApp/pkg/proto/product_grpc.pb.go:218.2,218.44 1 0
meuApp/pkg/proto/product_grpc.pb.go:221.173,223.32 2 0
meuApp/pkg/proto/product_grpc.pb.go:223.32,225.3 1 0
meuApp/pkg/proto/product_grpc.pb.go:226.2,226.24 1 0
meuApp/pkg/proto/product_grpc.pb.go:226.24,228.3 1 0
meuApp/pkg/proto/product_grpc.pb.go:229.2,233.77 2 0
meuApp/pkg/proto/product_grpc.pb.go:233.77,235.3 1 0
meuApp/pkg/proto/product_grpc.pb.go:236.2,236.44 1 0
meuApp/pkg/proto/product_grpc.pb.go:239.173,241.32 2 0
meuApp/pkg/proto/product_grpc.pb.go:241.32,243.3 1 0
meuApp/pkg/proto/product_grpc.pb.go:244.2,244.24 1 0
meuApp/pkg/proto/product_grpc.pb.go:244.24,246.3 1 0
meuApp/pkg/proto/product_grpc.pb.go:247.2,251.77 2 0
meuApp/pkg/proto/product_grpc.pb.go:251.77,253.3 1 0
meuApp/pkg/proto/product_grpc.pb.go:254.2,254.44 1 0
meuApp/pkg/proto/product_grpc.pb.go:257.172,259.32 2 0
meuApp/pkg/proto/product_grpc.pb.go:259.32,261.3 1 0
meuApp/pkg/proto/product_grpc.pb.go:262.2,262.24 1 0
meuApp/pkg/proto/product_grpc.pb.go:262.24,264.3 1 0
meuApp/pkg/proto/product_grpc.pb.go:265.2,269.77 2 0
meuApp/pkg/proto/product_grpc.pb.go:269.77,271.3 1 0
meuApp/pkg/proto/product_grpc.pb.go:272.2,272.44 1 0
meuApp/pkg/proto/product_grpc.pb.go:275.174,277.32 2 0
meuApp/pkg/proto/product_grpc.pb.go:277.32,279.3 1 0
meuApp/pkg/proto/product_grpc.pb.go:280.2,280.24 1 0
meuApp/pkg/proto/product_grpc.pb.go:280.24,282.3 1 0
meuApp/pkg/proto/product_grpc.pb.go:283.2,287.77 2 0
meuApp/pkg/proto/product_grpc.pb.go:287.77,289.3 1 0
meuApp/pkg/proto/product_grpc.pb.go:290.2,290.44 1 0
meuApp/pkg/proto/user.pb.go:36.24,41.2 4 0
meuApp/pkg/proto/user.pb.go:43.32,45.2 1 0
meuApp/pkg/proto/user.pb.go:47.30,47.31 0 0
meuApp/pkg/proto/user.pb.go:49.52,51.14 2 0
meuApp/pkg/proto/user.pb.go:51.14,53.34 2 0
meuApp/pkg/proto/user.pb.go:53.34,55.4 1 0
meuApp/pkg/proto/user.pb.go:56.3,56.12 1 0
meuApp/pkg/proto/user.pb.go:58.2,58.24 1 0
meuApp/pkg/proto/user.pb.go:62.43,64.2 1 0
meuApp/pkg/proto/user.pb.go:66.31,67.14 1 0
meuApp/pkg/proto/user.pb.go:67.14,69.3 1 0
meuApp/pkg/proto/user.pb.go:70.2,70.11 1 0
meuApp/pkg/proto/user.pb.go:73.33,74.14 1 0
meuApp/pkg/proto/user.pb.go:74.14,76.3 1 0
meuApp/pkg/proto/user.pb.go:77.2,77.11 1 0
meuApp/pkg/proto/user.pb.go:80.34,81.14 1 0
meuApp/pkg/proto/user.pb.go:81.14,83.3 1 0
meuApp/pkg/proto/user.pb.go:84.2,84.11 1 0
meuApp/pkg/proto/user.pb.go:87.38,88.14 1 0
meuApp/pkg/proto/user.pb.go:88.14,90.3 1 0
meuApp/pkg/proto/user.pb.go:91.2,91.11 1 0
meuApp/pkg/proto/user.pb.go:94.38,95.14 1 0
meuApp/pkg/proto/user.pb.go:95.14,97.3 1 0
meuApp/pkg/proto/user.pb.go:98.2,98.11 1 0
meuApp/pkg/proto/user.pb.go:111.37,116.2 4 0
meuApp/pkg/proto/user.pb.go:118.45,120.2 1 0
meuApp/pkg/proto/user.pb.go:122.43,122.44 0 0
meuApp/pkg/proto/user.pb.go:124.65,126.14 2 0
meuApp/pkg/proto/user.pb.go:126.14,128.34 2 0
meuApp/pkg/proto/user.pb.go:128.34,130.4 1 0
meuApp/pkg/proto/user.pb.go:131.3,131.12 1 0
meuApp/pkg/proto/user.pb.go:133.2,133.24 1 0
meuApp/pkg/proto/user.pb.go:137.56,139.2 1 0
meuApp/pkg/proto/user.pb.go:141.46,142.14 1 0
meuApp/pkg/proto/user.pb.go:142.14,144.3 1 0
meuApp/pkg/proto/user.pb.go:145.2,145.11 1 0
meuApp/pkg/proto/user.pb.go:148.47,149.14 1 0
meuApp/pkg/proto/user.pb.go:149.14,151.3 1 0
meuApp/pkg/proto/user.pb.go:152.2,152.11 1 0
meuApp/pkg/proto/user.pb.go:155.50,156.14 1 0
meuApp/pkg/proto/user.pb.go:156.14,158.3 1 0
meuApp/pkg/proto/user.pb.go:159.2,159.11 1 0
meuApp/pkg/proto/user.pb.go:170.38,175.2 4 0
meuApp/pkg/proto/user.pb.go:177.46,179.2 1 0
meuApp/pkg/proto/user.pb.go:181.44,181.45 0 0
meuApp/pkg/proto/user.pb.go:183.66,185.14 2 0
meuApp/pkg/proto/user.pb.go:185.14,187.34 2 0
meuApp/pkg/proto/user.pb.go:187.34,189.4 1 0
meuApp/pkg/proto/user.pb.go:190.3,190.12 1 0
meuApp/pkg/proto/user.pb.go:192.2,192.24 1 0
meuApp/pkg/proto/user.pb.go:196.57,198.2 1 0
meuApp/pkg/proto/user.pb.go:200.46,201.14 1 0
meuApp/pkg/proto/user.pb.go:201.14,203.3 1 0
meuApp/pkg/proto/user.pb.go:204.2,204.12 1 0
meuApp/pkg/proto/user.pb.go:207.50,208.14 1 0
meuApp/pkg/proto/user.pb.go:208.14,210.3 1 0
meuApp/pkg/proto/user.pb.go:211.2,211.11 1 0
meuApp/pkg/proto/user.pb.go:222.34,227.2 4 0
meuApp/pkg/proto/user.pb.go:229.42,231.2 1 0
meuApp/pkg/proto/user.pb.go:233.40,233.41 0 0
meuApp/pkg/proto/user.pb.go:235.62,237.14 2 0
meuApp/pkg/proto/user.pb.go:237.14,239.34 2 0
meuApp/pkg/proto/user.pb.go:239.34,241.4 1 0
meuApp/pkg/proto/user.pb.go:242.3,242.12 1 0
meuApp/pkg/proto/user.pb.go:244.2,244.24 1 0
meuApp/pkg/proto/user.pb.go:248.53,250.2 1 0
meuApp/pkg/proto/user.pb.go:252.41,253.14 1 0
meuApp/pkg/proto/user.pb.go:253.14,255.3 1 0
meuApp/pkg/proto/user.pb.go:256.2,256.11 1 0
meuApp/pkg/proto/user.pb.go:267.35,272.2 4 0
meuApp/pkg/proto/user.pb.go:274.43,276.2 1 0
meuApp/pkg/proto/user.pb.go:278.41,278.42 0 0
meuApp/pkg/proto/user.pb.go:280.63,282.14 2 0
meuApp/pkg/proto/user.pb.go:282.14,284.34 2 0
meuApp/pkg/proto/user.pb.go:284.34,286.4 1 0
meuApp/pkg/proto/user.pb.go:287.3,287.12 1 0
meuApp/pkg/proto/user.pb.go:289.2,289.24 1 0
meuApp/pkg/proto/user.pb.go:293.54,295.2 1 0
meuApp/pkg/proto/user.pb.go:297.43,298.14 1 0
meuApp/pkg/proto/user.pb.go:298.14,300.3 1 0
meuApp/pkg/proto/user.pb.go:301.2,301.12 1 0
meuApp/pkg/proto/user.pb.go:304.47,305.14 1 0
meuApp/pkg/proto/user.pb.go:305.14,307.3 1 0
meuApp/pkg/proto/user.pb.go:308.2,308.11 1 0
meuApp/pkg/proto/user.pb.go:321.37,326.2 4 0
meuApp/pkg/proto/user.pb.go:328.45,330.2 1 0
meuApp/pkg/proto/user.pb.go:332.43,332.44 0 0
meuApp/pkg/proto/user.pb.go:334.65,336.14 2 0
meuApp/pkg/proto/user.pb.go:336.14,338.34 2 0
meuApp/pkg/proto/user.pb.go:338.34,340.4 1 0
meuApp/pkg/proto/user.pb.go:341.3,341.12 1 0
meuApp/pkg/proto/user.pb.go:343.2,343.24 1 0
meuApp/pkg/proto/user.pb.go:347.56,349.2 1 0
meuApp/pkg/proto/user.pb.go:351.44,352.14 1 0
meuApp/pkg/proto/user.pb.go:352.14,354.3 1 0
meuApp/pkg/proto/user.pb.go:355.2,355.11 1 0
meuApp/pkg/proto/user.pb.go:358.46,359.14 1 0
meuApp/pkg/proto/user.pb.go:359.14,361.3 1 0
meuApp/pkg/proto/user.pb.go:362.2,362.11 1 0
meuApp/pkg/proto/user.pb.go:365.47,366.14 1 0
meuApp/pkg/proto/user.pb.go:366.14,368.3 1 0
meuApp/pkg/proto/user.pb.go:369.2,369.11 1 0
meuApp/pkg/proto/user.pb.go:380.38,385.2 4 0
meuApp/pkg/proto/user.pb.go:387.46,389.2 1 0
meuApp/pkg/proto/user.pb.go:391.44,391.45 0 0
meuApp/pkg/proto/user.pb.go:393.66,395.14 2 0
meuApp/pkg/proto/user.pb.go:395.14,397.34 2 0
meuApp/pkg/proto/user.pb.go:397.34,399.4 1 0
meuApp/pkg/proto/user.pb.go:400.3,400.12 1 0
meuApp/pkg/proto/user.pb.go:402.2,402.24 1 0
meuApp/pkg/proto/user.pb.go:406.57,408.2 1 0
meuApp/pkg/proto/user.pb.go:410.46,411.14 1 0
meuApp/pkg/proto/user.pb.go:411.14,413.3 1 0
meuApp/pkg/proto/user.pb.go:414.2,414.12 1 0
meuApp/pkg/proto/user.pb.go:417.50,418.14 1 0
meuApp/pkg/proto/user.pb.go:418.14,420.3 1 0
meuApp/pkg/proto/user.pb.go:421.2,421.11 1 0
meuApp/pkg/proto/user.pb.go:432.37,437.2 4 0
meuApp/pkg/proto/user.pb.go:439.45,441.2 1 0
meuApp/pkg/proto/user.pb.go:443.43,443.44 0 0
meuApp/pkg/proto/user.pb.go:445.65,447.14 2 0
meuApp/pkg/proto/user.pb.go:447.14,449.34 2 0
meuApp/pkg/proto/user.pb.go:449.34,451.4 1 0
meuApp/pkg/proto/user.pb.go:452.3,452.12 1 0
meuApp/pkg/proto/user.pb.go:454.2,454.24 1 0
meuApp/pkg/proto/user.pb.go:458.56,460.2 1 0
meuApp/pkg/proto/user.pb.go:462.44,463.14 1 0
meuApp/pkg/proto/user.pb.go:463.14,465.3 1 0
meuApp/pkg/proto/user.pb.go:466.2,466.11 1 0
meuApp/pkg/proto/user.pb.go:476.38,481.2 4 0
meuApp/pkg/proto/user.pb.go:483.46,485.2 1 0
meuApp/pkg/proto/user.pb.go:487.44,487.45 0 0
meuApp/pkg/proto/user.pb.go:489.66,491.14 2 0
meuApp/pkg/proto/user.pb.go:491.14,493.34 2 0
meuApp/pkg/proto/user.pb.go:493.34,495.4 1 0
meuApp/pkg/proto/user.pb.go:496.3,496.12 1 0
meuApp/pkg/proto/user.pb.go:498.2,498.24 1 0
meuApp/pkg/proto/user.pb.go:502.57,504.2 1 0
meuApp/pkg/proto/user.pb.go:506.50,507.14 1 0
meuApp/pkg/proto/user.pb.go:507.14,509.3 1 0
meuApp/pkg/proto/user.pb.go:510.2,510.11 1 0
meuApp/pkg/proto/user.pb.go:522.36,527.2 4 0
meuApp/pkg/proto/user.pb.go:529.44,531.2 1 0
meuApp/pkg/proto/user.pb.go:533.42,533.43 0 0
meuApp/pkg/proto/user.pb.go:535.64,537.14 2 0
meuApp/pkg/proto/user.pb.go:537.14,539.34 2 0
meuApp/pkg/proto/user.pb.go:539.34,541.4 1 0
meuApp/pkg/proto/user.pb.go:542.3,542.12 1 0
meuApp/pkg/proto/user.pb.go:544.2,544.24 1 0
meuApp/pkg/proto/user.pb.go:548.55,550.2 1 0
meuApp/pkg/proto/user.pb.go:552.44,553.14 1 0
meuApp/pkg/proto/user.pb.go:553.14,555.3 1 0
meuApp/pkg/proto/user.pb.go:556.2,556.10 1 0
meuApp/pkg/proto/user.pb.go:559.48,560.14 1 0
meuApp/pkg/proto/user.pb.go:560.14,562.3 1 0
meuApp/pkg/proto/user.pb.go:563.2,563.10 1 0
meuApp/pkg/proto/user.pb.go:577.37,582.2 4 0
meuApp/pkg/proto/user.pb.go:584.45,586.2 1 0
meuApp/pkg/proto/user.pb.go:588.43,588.44 0 0
meuApp/pkg/proto/user.pb.go:590.65,592.14 2 0
meuApp/pkg/proto/user.pb.go:592.14,594.34 2 0
meuApp/pkg/proto/user.pb.go:594.34,596.4 1 0
meuApp/pkg/proto/user.pb.go:597.3,597.12 1 0
meuApp/pkg/proto/user.pb.go:599.2,599.24 1 0
meuApp/pkg/proto/user.pb.go:603.56,605.2 1 0
meuApp/pkg/proto/user.pb.go:607.48,608.14 1 0
meuApp/pkg/proto/user.pb.go:608.14,610.3 1 0
meuApp/pkg/proto/user.pb.go:611.2,611.12 1 0
meuApp/pkg/proto/user.pb.go:614.46,615.14 1 0
meuApp/pkg/proto/user.pb.go:615.14,617.3 1 0
meuApp/pkg/proto/user.pb.go:618.2,618.10 1 0
meuApp/pkg/proto/user.pb.go:621.45,622.14 1 0
meuApp/pkg/proto/user.pb.go:622.14,624.3 1 0
meuApp/pkg/proto/user.pb.go:625.2,625.10 1 0
meuApp/pkg/proto/user.pb.go:628.49,629.14 1 0
meuApp/pkg/proto/user.pb.go:629.14,631.3 1 0
meuApp/pkg/proto/user.pb.go:632.2,632.10 1 0
meuApp/pkg/proto/user.pb.go:635.49,636.14 1 0
meuApp/pkg/proto/user.pb.go:636.14,638.3 1 0
meuApp/pkg/proto/user.pb.go:639.2,639.11 1 0
meuApp/pkg/proto/user.pb.go:650.41,655.2 4 0
meuApp/pkg/proto/user.pb.go:657.49,659.2 1 0
meuApp/pkg/proto/user.pb.go:661.47,661.48 0 0
meuApp/pkg/proto/user.pb.go:663.69,665.14 2 0
meuApp/pkg/proto/user.pb.go:665.14,667.34 2 0
meuApp/pkg/proto/user.pb.go:667.34,669.4 1 0
meuApp/pkg/proto/user.pb.go:670.3,670.12 1 0
meuApp/pkg/proto/user.pb.go:672.2,672.24 1 0
meuApp/pkg/proto/user.pb.go:676.60,678.2 1 0
meuApp/pkg/proto/user.pb.go:680.51,681.14 1 0
meuApp/pkg/proto/user.pb.go:681.14,683.3 1 0
meuApp/pkg/proto/user.pb.go:684.2,684.11 1 0
meuApp/pkg/proto/user.pb.go:750.49,751.46 1 0
meuApp/pkg/proto/user.pb.go:751.46,753.3 1 0
meuApp/pkg/proto/user.pb.go:754.2,754.42 1 0
meuApp/pkg/proto/user.pb.go:796.13,796.45 1 0
meuApp/pkg/proto/user.pb.go:797.35,798.34 1 0
meuApp/pkg/proto/user.pb.go:798.34,800.3 1 0
meuApp/pkg/proto/user.pb.go:801.2,817.37 5 0
meuApp/pkg/proto/user_grpc.pb.go:54.74,56.2 1 0
meuApp/pkg/proto/user_grpc.pb.go:58.138,62.16 4 0
meuApp/pkg/proto/user_grpc.pb.go:62.16,64.3 1 0
meuApp/pkg/proto/user_grpc.pb.go:65.2,65.17 1 0
meuApp/pkg/proto/user_grpc.pb.go:68.129,72.16 4 0
meuApp/pkg/proto/user_grpc.pb.go:72.16,74.3 1 0
meuApp/pkg/proto/user_grpc.pb.go:75.2,75.17 1 0
meuApp/pkg/proto/user_grpc.pb.go:78.138,82.16 4 0
meuApp/pkg/proto/user_grpc.pb.go:82.16,84.3 1 0
meuApp/pkg/proto/user_grpc.pb.go:85.2,85.17 1 0
meuApp/pkg/proto/user_grpc.pb.go:88.138,92.16 4 0
meuApp/pkg/proto/user_grpc.pb.go:92.16,94.3 1 0
meuApp/pkg/proto/user_grpc.pb.go:95.2,95.17 1 0
meuApp/pkg/proto/user_grpc.pb.go:98.135,102.16 4 0
meuApp/pkg/proto/user_grpc.pb.go:102.16,104.3 1 0
meuApp/pkg/proto/user_grpc.pb.go:105.2,105.17 1 0
meuApp/pkg/proto/user_grpc.pb.go:108.143,112.16 4 0
meuApp/pkg/proto/user_grpc.pb.go:112.16,114.3 1 0
meuApp/pkg/proto/user_grpc.pb.go:115.2,115.17 1 0
meuApp/pkg/proto/user_grpc.pb.go:146.116,148.2 1 0
meuApp/pkg/proto/user_grpc.pb.go:149.107,151.2 1 0
meuApp/pkg/proto/user_grpc.pb.go:152.116,154.2 1 0
meuApp/pkg/proto/user_grpc.pb.go:155.116,157.2 1 0
meuApp/pkg/proto/user_grpc.pb.go:158.113,160.2 1 0
meuApp/pkg/proto/user_grpc.pb.go:161.121,163.2 1 0
meuApp/pkg/proto/user_grpc.pb.go:164.82,164.83 0 0
meuApp/pkg/proto/user_grpc.pb.go:165.82,165.83 0 0
meuApp/pkg/proto/user_grpc.pb.go:174.80,179.59 1 0
meuApp/pkg/proto/user_grpc.pb.go:179.59,181.3 1 0
meuApp/pkg/proto/user_grpc.pb.go:182.2,182.50 1 0
meuApp/pkg/proto/user_grpc.pb.go:185.167,187.32 2 0
meuApp/pkg/proto/user_grpc.pb.go:187.32,189.3 1 0
meuApp/pkg/proto/user_grpc.pb.go:190.2,190.24 1 0
meuApp/pkg/proto/user_grpc.pb.go:190.24,192.3 1 0
meuApp/pkg/proto/user_grpc.pb.go:193.2,197.77 2 0
meuApp/pkg/proto/user_grpc.pb.go:197.77,199.3 1 0
meuApp/pkg/proto/user_grpc.pb.go:200.2,200.44 1 0
meuApp/pkg/proto/user_grpc.pb.go:203.164,205.32 2 0
meuApp/pkg/proto/user_grpc.pb.go:205.32,207.3 1 0
meuApp/pkg/proto/user_grpc.pb.go:208.2,208.24 1 0
meuApp/pkg/proto/user_grpc.pb.go:208.24,210.3 1 0
meuApp/pkg/proto/user_grpc.pb.go:211.2,215.77 2 0
meuApp/pkg/proto/user_grpc.pb.go:215.77,217.3 1 0
meuApp/pkg/proto/user_grpc.pb.go:218.2,218.44 1 0
meuApp/pkg/proto/user_grpc.pb.go:221.167,223.32 2 0
meuApp/pkg/proto/user_grpc.pb.go:223.32,225.3 1 0
meuApp/pkg/proto/user_grpc.pb.go:226.2,226.24 1 0
meuApp/pkg/proto/user_grpc.pb.go:226.24,228.3 1 0
meuApp/pkg/proto/user_grpc.pb.go:229.2,233.77 2 0
meuApp/pkg/proto/user_grpc.pb.go:233.77,235.3 1 0
meuApp/pkg/proto/user_grpc.pb.go:236.2,236.44 1 0
meuApp/pkg/proto/user_grpc.pb.go:239.167,241.32 2 0
meuApp/pkg/proto/user_grpc.pb.go:241.32,243.3 1 0
meuApp/pkg/proto/user_grpc.pb.go:244.2,244.24 1 0
meuApp/pkg/proto/user_grpc.pb.go:244.24,246.3 1 0
meuApp/pkg/proto/user_grpc.pb.go:247.2,251.77 2 0
meuApp/pkg/proto/user_grpc.pb.go:251.77,253.3 1 0
meuApp/pkg/proto/user_grpc.pb.go:254.2,254.44 1 0
meuApp/pkg/proto/user_grpc.pb.go:257.166,259.32 2 0
meuApp/pkg/proto/user_grpc.pb.go:259.32,261.3 1 0
meuApp/pkg/proto/user_grpc.pb.go:262.2,262.24 1 0
meuApp/pkg/proto/user_grpc.pb.go:262.24,264.3 1 0
meuApp/pkg/proto/user_grpc.pb.go:265.2,269.77 2 0
meuApp/pkg/proto/user_grpc.pb.go:269.77,271.3 1 0
meuApp/pkg/proto/user_grpc.pb.go:272.2,272.44 1 0
meuApp/pkg/proto/user_grpc.pb.go:275.171,277.32 2 0
meuApp/pkg/proto/user_grpc.pb.go:277.32,279.3 1 0
meuApp/pkg/proto/user_grpc.pb.go:280.2,280.24 1 0
meuApp/pkg/proto/user_grpc.pb.go:280.24,282.3 1 0
meuApp/pkg/proto/user_grpc.pb.go:283.2,287.77 2 0
meuApp/pkg/proto/user_grpc.pb.go:287.77,289.3 1 0
meuApp/pkg/proto/user_grpc.pb.go:290.2,290.44 1 0
